code .
suhrob@suhrob:~/Project-3$ npm install
npm warn deprecated inflight@1.0.6: This module is not supported, and leaks memory. Do not use it. Check out lru-cache if you want a good and tested way to coalesce async requests by a key value, which is much more comprehensive and powerful.
npm warn deprecated npmlog@5.0.1: This package is no longer supported.
npm warn deprecated @humanwhocodes/config-array@0.11.14: Use @eslint/config-array instead
npm warn deprecated rimraf@3.0.2: Rimraf versions prior to v4 are no longer supported
npm warn deprecated rollup-plugin-inject@3.0.2: This package has been deprecated and is no longer maintained. Please use @rollup/plugin-inject.
npm warn deprecated are-we-there-yet@2.0.0: This package is no longer supported.
npm warn deprecated @humanwhocodes/object-schema@2.0.3: Use @eslint/object-schema instead
npm warn deprecated glob@7.2.3: Glob versions prior to v9 are no longer supported
npm warn deprecated glob@7.2.3: Glob versions prior to v9 are no longer supported
npm warn deprecated sourcemap-codec@1.4.8: Please use @jridgewell/sourcemap-codec instead
npm warn deprecated debug@4.1.1: Debug versions >=3.2.0 <3.2.7 || >=4 <4.3.1 have a low-severity ReDos regression when used in a Node.js environment. It is recommended you upgrade to 3.2.7 or 4.3.1. (https://github.com/visionmedia/debug/issues/797)
npm warn deprecated gauge@3.0.2: This package is no longer supported.
npm warn deprecated uuid@3.3.2: Please upgrade  to version 7 or higher.  Older versions may use Math.random() in certain circumstances, which is known to be problematic.  See https://v8.dev/blog/math-random for details.

added 622 packages, and audited 623 packages in 9s

149 packages are looking for funding
  run `npm fund` for details

8 vulnerabilities (3 low, 4 moderate, 1 high)

To address all issues (including breaking changes), run:
  npm audit fix --force

Run `npm audit` for details.
suhrob@suhrob:~/Project-3$ npm run dev

> my-next-app@0.1.0 dev
> next dev

   ▲ Next.js 14.1.0
   - Local:        http://localhost:3000

Attention: Next.js now collects completely anonymous telemetry regarding usage.
This information is used to shape Next.js' roadmap and prioritize features.
You can learn more, including how to opt-out if you'd not like to participate in this anonymous program, by visiting the following URL:
https://nextjs.org/telemetry

 ✓ Ready in 3.4s
 ○ Compiling / ...
 ✓ Compiled / in 5.1s (511 modules)
 ✓ Compiled in 267ms (241 modules)
 ✓ Compiled /favicon.ico in 312ms (516 modules)
^X^C
suhrob@suhrob:~/Project-3$ npm run build

> my-next-app@0.1.0 build
> next build

   ▲ Next.js 14.1.0

   Creating an optimized production build ...
 ✓ Compiled successfully
 ✓ Linting and checking validity of types    
 ⚠ Using edge runtime on a page currently disables static generation for that page
 ✓ Collecting page data    
 ✓ Generating static pages (4/4) 
 ✓ Collecting build traces    
 ✓ Finalizing page optimization    

Route (app)                              Size     First Load JS
┌ ○ /                                    5.14 kB        89.3 kB
├ ℇ /_not-found                          0 B                0 B
└ ℇ /api/hello                           0 B                0 B
+ First Load JS shared by all            84.2 kB
  ├ chunks/726-f264f99eb28773de.js       28.9 kB
  ├ chunks/fd9d1056-cc48c28d170fddc2.js  53.4 kB
  └ other shared chunks (total)          1.89 kB


○  (Static)        prerendered as static content
ℇ  (Edge Runtime)  server-rendered on demand using the Edge Runtime

suhrob@suhrob:~/Project-3$ npm exec next-on-pages
⚡️ @cloudflare/next-on-pages CLI v.1.11.3
⚡️ Detected Package Manager: npm (10.7.0)
⚡️ Preparing project...
⚡️ Project is ready
⚡️ Building project...
▲  Vercel CLI 34.2.7
▲  WARNING: You should not upload the `.next` directory.
▲  Installing dependencies...
▲  up to date in 748ms
▲  149 packages are looking for funding
▲  run `npm fund` for details
▲  Detected Next.js version: 14.1.0
▲  Detected `package-lock.json` generated by npm 7+
▲  Running "npm run build"
▲  > my-next-app@0.1.0 build
▲  > next build
▲  Attention: Next.js now collects completely anonymous telemetry regarding usage.
▲  This information is used to shape Next.js' roadmap and prioritize features.
▲  You can learn more, including how to opt-out if you'd not like to participate in this anonymous program, by visiting the following URL:
▲  https://nextjs.org/telemetry
▲  ▲ Next.js 14.1.0
▲  Creating an optimized production build ...
▲  ✓ Compiled successfully
▲  Linting and checking validity of types ...
▲  Collecting page data ...
▲  ⚠ Using edge runtime on a page currently disables static generation for that page
▲  Generating static pages (0/4) ...
▲  Generating static pages (1/4)
▲  Generating static pages (2/4)
▲  Generating static pages (3/4)
▲  ✓ Generating static pages (4/4)
▲  Finalizing page optimization ...
▲  Collecting build traces ...
▲  
▲  Route (app)                              Size     First Load JS
▲  ┌ ○ /                                    5.14 kB        89.3 kB
▲  ├ ℇ /_not-found                          0 B                0 B
▲  └ ℇ /api/hello                           0 B                0 B
▲  + First Load JS shared by all            84.2 kB
▲  ├ chunks/726-f264f99eb28773de.js       28.9 kB
▲  ├ chunks/fd9d1056-cc48c28d170fddc2.js  53.4 kB
▲  └ other shared chunks (total)          1.89 kB
▲  
▲  
▲  ○  (Static)        prerendered as static content
▲  ℇ  (Edge Runtime)  server-rendered on demand using the Edge Runtime
▲  
▲  Traced Next.js server files in: 91.277ms
▲  Created all serverless functions in: 508.759ms
▲  Collected static files (public/, static/, .next/static): 2.243ms
▲  Build Completed in .vercel/output [14s]
⚡️ Completed `npx vercel build`.

⚡️ Build Summary (@cloudflare/next-on-pages v1.11.3)
⚡️ 
⚡️ Edge Function Routes (2)
⚡️   ┌ /_not-found
⚡️   └ /api/hello
⚡️ 
⚡️ Prerendered Routes (3)
⚡️   ┌ /
⚡️   ├ /favicon.ico
⚡️   └ /index.rsc
⚡️ 
⚡️ Other Static Assets (29)
⚡️   ┌ /_app.rsc.json
⚡️   ├ /_document.rsc.json
⚡️   ├ /_error.rsc.json
⚡️   ├ /500.html
⚡️   └ ... 25 more

⚡️ Build log saved to '.vercel/output/static/_worker.js/nop-build-log.json'
⚡️ Generated '.vercel/output/static/_worker.js/index.js'.
⚡️ Build completed in 0.43s
suhrob@suhrob:~/Project-3$ npm exec wrangler pages deploy
🌍  Uploading... (33/33)

✨ Success! Uploaded 8 files (25 already uploaded) (2.36 sec)

✨ Uploading _headers
Attaching additional modules:
┌─────────────────────────────────────────────────────────────────────┬──────┬────────────┐
│ Name                                                                │ Type │ Size       │
├─────────────────────────────────────────────────────────────────────┼──────┼────────────┤
│ __next-on-pages-dist__/cache/adaptor.js                             │ esm  │ 2.03 KiB   │
├─────────────────────────────────────────────────────────────────────┼──────┼────────────┤
│ __next-on-pages-dist__/cache/cache-api.js                           │ esm  │ 0.43 KiB   │
├─────────────────────────────────────────────────────────────────────┼──────┼────────────┤
│ __next-on-pages-dist__/cache/kv.js                                  │ esm  │ 0.31 KiB   │
├─────────────────────────────────────────────────────────────────────┼──────┼────────────┤
│ __next-on-pages-dist__/functions/_not-found.func.js                 │ esm  │ 406.63 KiB │
├─────────────────────────────────────────────────────────────────────┼──────┼────────────┤
│ __next-on-pages-dist__/functions/api/hello.func.js                  │ esm  │ 71.43 KiB  │
├─────────────────────────────────────────────────────────────────────┼──────┼────────────┤
│ __next-on-pages-dist__/manifest/27d10e462fba646daaa29468a0656e12.js │ esm  │ 1.12 KiB   │
├─────────────────────────────────────────────────────────────────────┼──────┼────────────┤
│ __next-on-pages-dist__/webpack/44bff480f105853cb03b9b061f5738d6.js  │ esm  │ 113.86 KiB │
└─────────────────────────────────────────────────────────────────────┴──────┴────────────┘
✨ Compiled Worker successfully
✨ Uploading Worker bundle
✨ Uploading _routes.json
🌎 Deploying...
✨ Deployment complete! Take a peek over at https://cbfdb980.my-next-app-91i.pages.dev
✔ Would you like to help improve Wrangler by sending usage metrics to Cloudflare? … yes
Your choice has been saved in the following file: ../.config/.wrangler/metrics.json.

  You can override the user level setting for a project in `wrangler.toml`:

   - to disable sending metrics for a project: `send_metrics = false`
   - to enable sending metrics for a project: `send_metrics = true`
suhrob@suhrob:~/Project-3$ npm exec wrangler pages deploy .vercel/output/static
🌍  Uploading... (33/33)

✨ Success! Uploaded 0 files (33 already uploaded) (0.44 sec)

✨ Uploading _headers
Attaching additional modules:
┌─────────────────────────────────────────────────────────────────────┬──────┬────────────┐
│ Name                                                                │ Type │ Size       │
├─────────────────────────────────────────────────────────────────────┼──────┼────────────┤
│ __next-on-pages-dist__/cache/adaptor.js                             │ esm  │ 2.03 KiB   │
├─────────────────────────────────────────────────────────────────────┼──────┼────────────┤
│ __next-on-pages-dist__/cache/cache-api.js                           │ esm  │ 0.43 KiB   │
├─────────────────────────────────────────────────────────────────────┼──────┼────────────┤
│ __next-on-pages-dist__/cache/kv.js                                  │ esm  │ 0.31 KiB   │
├─────────────────────────────────────────────────────────────────────┼──────┼────────────┤
│ __next-on-pages-dist__/functions/_not-found.func.js                 │ esm  │ 406.63 KiB │
├─────────────────────────────────────────────────────────────────────┼──────┼────────────┤
│ __next-on-pages-dist__/functions/api/hello.func.js                  │ esm  │ 71.43 KiB  │
├─────────────────────────────────────────────────────────────────────┼──────┼────────────┤
│ __next-on-pages-dist__/manifest/27d10e462fba646daaa29468a0656e12.js │ esm  │ 1.12 KiB   │
├─────────────────────────────────────────────────────────────────────┼──────┼────────────┤
│ __next-on-pages-dist__/webpack/44bff480f105853cb03b9b061f5738d6.js  │ esm  │ 113.86 KiB │
└─────────────────────────────────────────────────────────────────────┴──────┴────────────┘
✨ Compiled Worker successfully
✨ Uploading Worker bundle
✨ Uploading _routes.json
🌎 Deploying...
✨ Deployment complete! Take a peek over at https://f765c63e.my-next-app-91i.pages.dev
suhrob@suhrob:~/Project-3$ npm exec wrangler d1
wrangler d1

🗄  Interact with a D1 database

Commands:
  wrangler d1 list                List D1 databases
  wrangler d1 info <name>         Get information about a D1 database, including the current database size and state.
  wrangler d1 insights <name>     Experimental command. Get information about the queries run on a D1 database.
  wrangler d1 create <name>       Create D1 database
  wrangler d1 delete <name>       Delete D1 database
  wrangler d1 backup              Interact with D1 Backups
  wrangler d1 execute <database>  Executed command or SQL file
  wrangler d1 export <name>       Export the contents or schema of your database as a .sql file
  wrangler d1 time-travel         Use Time Travel to restore, fork or copy a database at a specific point-in-time.
  wrangler d1 migrations          Interact with D1 Migrations

Flags:
  -j, --experimental-json-config  Experimental: Support wrangler.json  [boolean]
  -c, --config                    Path to .toml configuration file  [string]
  -e, --env                       Environment to use for operations and .env files  [string]
  -h, --help                      Show help  [boolean]
  -v, --version                   Show version number  [boolean]
suhrob@suhrob:~/Project-3$ npm exec wrangler d1 create project-3-db

 ⛅️ wrangler 3.60.2
-------------------

✅ Successfully created DB 'project-3-db' in region EEUR
Created your new D1 database.

[[d1_databases]]
binding = "DB" # i.e. available in your Worker on env.DB
database_name = "project-3-db"
database_id = "1ca9b7ac-f088-4e7f-8868-1b61daa2f192"
suhrob@suhrob:~/Project-3$ ^C
suhrob@suhrob:~/Project-3$ npm exec wrangler d1 execute

✘ [ERROR] Not enough non-option arguments: got 0, need at least 1


wrangler d1 execute <database>

Executed command or SQL file

Positionals:
  database  The name or binding of the DB  [string] [required]

Flags:
  -j, --experimental-json-config  Experimental: Support wrangler.json  [boolean]
  -c, --config                    Path to .toml configuration file  [string]
  -e, --env                       Environment to use for operations and .env files  [string]
  -h, --help                      Show help  [boolean]
  -v, --version                   Show version number  [boolean]

Options:
  -y, --yes         Answer "yes" to any prompts  [boolean]
      --local       Execute commands/files against a local DB for use with wrangler dev  [boolean]
      --remote      Execute commands/files against a remote DB for use with wrangler dev  [boolean]
      --file        A .sql file to ingest  [string]
      --command     A single SQL statement to execute  [string]
      --persist-to  Specify directory to use for local persistence (for --local)  [string]
      --json        Return output as clean JSON  [boolean] [default: false]
      --preview     Execute commands/files against a preview D1 DB  [boolean] [default: false]
🪵  Logs were written to "/home/suhrob/.config/.wrangler/logs/wrangler-2024-06-13_06-37-47_862.log"
suhrob@suhrob:~/Project-3$ npm exec wrangler d1 execute project-3-db

 ⛅️ wrangler 3.60.2
-------------------


✘ [ERROR] Error: must provide --command or --file.


🪵  Logs were written to "/home/suhrob/.config/.wrangler/logs/wrangler-2024-06-13_06-38-13_685.log"
suhrob@suhrob:~/Project-3$ npm exec wrangler d1 execute project-3-db --file init.sql

✘ [ERROR] Unknown argument: init.sql


wrangler d1 execute <database>

Executed command or SQL file

Positionals:
  database  The name or binding of the DB  [string] [required]

Flags:
  -j, --experimental-json-config  Experimental: Support wrangler.json  [boolean]
  -c, --config                    Path to .toml configuration file  [string]
  -e, --env                       Environment to use for operations and .env files  [string]
  -h, --help                      Show help  [boolean]
  -v, --version                   Show version number  [boolean]

Options:
  -y, --yes         Answer "yes" to any prompts  [boolean]
      --local       Execute commands/files against a local DB for use with wrangler dev  [boolean]
      --remote      Execute commands/files against a remote DB for use with wrangler dev  [boolean]
      --file        A .sql file to ingest  [string]
      --command     A single SQL statement to execute  [string]
      --persist-to  Specify directory to use for local persistence (for --local)  [string]
      --json        Return output as clean JSON  [boolean] [default: false]
      --preview     Execute commands/files against a preview D1 DB  [boolean] [default: false]
🪵  Logs were written to "/home/suhrob/.config/.wrangler/logs/wrangler-2024-06-13_06-38-31_051.log"
suhrob@suhrob:~/Project-3$ npm exec wrangler d1 execute project-3-db --file 
.eslintrc.json      .gitignore          jsconfig.json       next.config.mjs     package.json        postcss.config.js   README.md           tailwind.config.js  .wrangler/          
.git/               init.sql            .next/              node_modules/       package-lock.json   public/             src/                .vercel/            wrangler.toml       
suhrob@suhrob:~/Project-3$ npm exec wrangler d1 execute project-3-db --file init.sql 

✘ [ERROR] Unknown argument: init.sql


wrangler d1 execute <database>

Executed command or SQL file

Positionals:
  database  The name or binding of the DB  [string] [required]

Flags:
  -j, --experimental-json-config  Experimental: Support wrangler.json  [boolean]
  -c, --config                    Path to .toml configuration file  [string]
  -e, --env                       Environment to use for operations and .env files  [string]
  -h, --help                      Show help  [boolean]
  -v, --version                   Show version number  [boolean]

Options:
  -y, --yes         Answer "yes" to any prompts  [boolean]
      --local       Execute commands/files against a local DB for use with wrangler dev  [boolean]
      --remote      Execute commands/files against a remote DB for use with wrangler dev  [boolean]
      --file        A .sql file to ingest  [string]
      --command     A single SQL statement to execute  [string]
      --persist-to  Specify directory to use for local persistence (for --local)  [string]
      --json        Return output as clean JSON  [boolean] [default: false]
      --preview     Execute commands/files against a preview D1 DB  [boolean] [default: false]
🪵  Logs were written to "/home/suhrob/.config/.wrangler/logs/wrangler-2024-06-13_06-39-10_165.log"
suhrob@suhrob:~/Project-3$ npm exec wrangler d1 execute project-3-db --file init.sql 

✘ [ERROR] Unknown argument: init.sql


wrangler d1 execute <database>

Executed command or SQL file

Positionals:
  database  The name or binding of the DB  [string] [required]

Flags:
  -j, --experimental-json-config  Experimental: Support wrangler.json  [boolean]
  -c, --config                    Path to .toml configuration file  [string]
  -e, --env                       Environment to use for operations and .env files  [string]
  -h, --help                      Show help  [boolean]
  -v, --version                   Show version number  [boolean]

Options:
  -y, --yes         Answer "yes" to any prompts  [boolean]
      --local       Execute commands/files against a local DB for use with wrangler dev  [boolean]
      --remote      Execute commands/files against a remote DB for use with wrangler dev  [boolean]
      --file        A .sql file to ingest  [string]
      --command     A single SQL statement to execute  [string]
      --persist-to  Specify directory to use for local persistence (for --local)  [string]
      --json        Return output as clean JSON  [boolean] [default: false]
      --preview     Execute commands/files against a preview D1 DB  [boolean] [default: false]
🪵  Logs were written to "/home/suhrob/.config/.wrangler/logs/wrangler-2024-06-13_06-40-23_670.log"
suhrob@suhrob:~/Project-3$ npm run deploy

> my-next-app@0.1.0 deploy
> npm run pages:build && wrangler pages deploy


> my-next-app@0.1.0 pages:build
> npx @cloudflare/next-on-pages

⚡️ @cloudflare/next-on-pages CLI v.1.11.3
⚡️ Detected Package Manager: npm (10.7.0)
⚡️ Preparing project...
⚡️ Project is ready
⚡️ Building project...
▲  Vercel CLI 34.2.7
▲  WARNING: You should not upload the `.next` directory.
▲  Installing dependencies...
▲  up to date in 781ms
▲  149 packages are looking for funding
▲  run `npm fund` for details
▲  Detected Next.js version: 14.1.0
▲  Detected `package-lock.json` generated by npm 7+
▲  Running "npm run build"
▲  > my-next-app@0.1.0 build
▲  > next build
▲  ▲ Next.js 14.1.0
▲  
▲  Creating an optimized production build ...
▲  ✓ Compiled successfully
▲  Linting and checking validity of types ...
▲  Collecting page data ...
▲  ⚠ Using edge runtime on a page currently disables static generation for that page
▲  Generating static pages (0/4) ...
▲  Generating static pages (1/4)
▲  Generating static pages (2/4)
▲  Generating static pages (3/4)
▲  ✓ Generating static pages (4/4)
▲  Finalizing page optimization ...
▲  Collecting build traces ...
▲  
▲  Route (app)                              Size     First Load JS
▲  ┌ ○ /                                    5.14 kB        89.3 kB
▲  ├ ℇ /_not-found                          0 B                0 B
▲  └ ℇ /api/hello                           0 B                0 B
▲  + First Load JS shared by all            84.2 kB
▲  ├ chunks/726-f264f99eb28773de.js       28.9 kB
▲  ├ chunks/fd9d1056-cc48c28d170fddc2.js  53.4 kB
▲  └ other shared chunks (total)          1.89 kB
▲  ○  (Static)        prerendered as static content
▲  ℇ  (Edge Runtime)  server-rendered on demand using the Edge Runtime
▲  Traced Next.js server files in: 81.185ms
▲  Created all serverless functions in: 447.442ms
▲  Collected static files (public/, static/, .next/static): 2.308ms
▲  Build Completed in .vercel/output [13s]
⚡️ Completed `npx vercel build`.

⚡️ Build Summary (@cloudflare/next-on-pages v1.11.3)
⚡️ 
⚡️ Edge Function Routes (2)
⚡️   ┌ /_not-found
⚡️   └ /api/hello
⚡️ 
⚡️ Prerendered Routes (3)
⚡️   ┌ /
⚡️   ├ /favicon.ico
⚡️   └ /index.rsc
⚡️ 
⚡️ Other Static Assets (29)
⚡️   ┌ /_app.rsc.json
⚡️   ├ /_document.rsc.json
⚡️   ├ /_error.rsc.json
⚡️   ├ /500.html
⚡️   └ ... 25 more

⚡️ Build log saved to '.vercel/output/static/_worker.js/nop-build-log.json'
⚡️ Generated '.vercel/output/static/_worker.js/index.js'.
⚡️ Build completed in 0.53s
▲ [WARNING] Warning: Your working directory is a git repo and has uncommitted changes

  To silence this warning, pass in --commit-dirty=true


🌍  Uploading... (33/33)

✨ Success! Uploaded 3 files (30 already uploaded) (2.06 sec)

✨ Uploading _headers
Attaching additional modules:
┌─────────────────────────────────────────────────────────────────────┬──────┬────────────┐
│ Name                                                                │ Type │ Size       │
├─────────────────────────────────────────────────────────────────────┼──────┼────────────┤
│ __next-on-pages-dist__/cache/adaptor.js                             │ esm  │ 2.03 KiB   │
├─────────────────────────────────────────────────────────────────────┼──────┼────────────┤
│ __next-on-pages-dist__/cache/cache-api.js                           │ esm  │ 0.43 KiB   │
├─────────────────────────────────────────────────────────────────────┼──────┼────────────┤
│ __next-on-pages-dist__/cache/kv.js                                  │ esm  │ 0.31 KiB   │
├─────────────────────────────────────────────────────────────────────┼──────┼────────────┤
│ __next-on-pages-dist__/functions/_not-found.func.js                 │ esm  │ 406.63 KiB │
├─────────────────────────────────────────────────────────────────────┼──────┼────────────┤
│ __next-on-pages-dist__/functions/api/hello.func.js                  │ esm  │ 71.43 KiB  │
├─────────────────────────────────────────────────────────────────────┼──────┼────────────┤
│ __next-on-pages-dist__/manifest/27d10e462fba646daaa29468a0656e12.js │ esm  │ 1.12 KiB   │
├─────────────────────────────────────────────────────────────────────┼──────┼────────────┤
│ __next-on-pages-dist__/webpack/b5bcda396f0172cbc45515c18240bb8b.js  │ esm  │ 113.86 KiB │
└─────────────────────────────────────────────────────────────────────┴──────┴────────────┘
✨ Compiled Worker successfully
✨ Uploading Worker bundle
✨ Uploading _routes.json
🌎 Deploying...
✨ Deployment complete! Take a peek over at https://77763f9f.my-next-app-91i.pages.dev
suhrob@suhrob:~/Project-3$ npm exec wrangler d1 project-3-db --file init.sql

✘ [ERROR] Unknown arguments: project-3-db, init.sql


wrangler d1

🗄  Interact with a D1 database

Commands:
  wrangler d1 list                List D1 databases
  wrangler d1 info <name>         Get information about a D1 database, including the current database size and state.
  wrangler d1 insights <name>     Experimental command. Get information about the queries run on a D1 database.
  wrangler d1 create <name>       Create D1 database
  wrangler d1 delete <name>       Delete D1 database
  wrangler d1 backup              Interact with D1 Backups
  wrangler d1 execute <database>  Executed command or SQL file
  wrangler d1 export <name>       Export the contents or schema of your database as a .sql file
  wrangler d1 time-travel         Use Time Travel to restore, fork or copy a database at a specific point-in-time.
  wrangler d1 migrations          Interact with D1 Migrations

Flags:
  -j, --experimental-json-config  Experimental: Support wrangler.json  [boolean]
  -c, --config                    Path to .toml configuration file  [string]
  -e, --env                       Environment to use for operations and .env files  [string]
  -h, --help                      Show help  [boolean]
  -v, --version                   Show version number  [boolean]
🪵  Logs were written to "/home/suhrob/.config/.wrangler/logs/wrangler-2024-06-13_06-42-32_922.log"
suhrob@suhrob:~/Project-3$ npm exec wrangler d1
wrangler d1

🗄  Interact with a D1 database

Commands:
  wrangler d1 list                List D1 databases
  wrangler d1 info <name>         Get information about a D1 database, including the current database size and state.
  wrangler d1 insights <name>     Experimental command. Get information about the queries run on a D1 database.
  wrangler d1 create <name>       Create D1 database
  wrangler d1 delete <name>       Delete D1 database
  wrangler d1 backup              Interact with D1 Backups
  wrangler d1 execute <database>  Executed command or SQL file
  wrangler d1 export <name>       Export the contents or schema of your database as a .sql file
  wrangler d1 time-travel         Use Time Travel to restore, fork or copy a database at a specific point-in-time.
  wrangler d1 migrations          Interact with D1 Migrations

Flags:
  -j, --experimental-json-config  Experimental: Support wrangler.json  [boolean]
  -c, --config                    Path to .toml configuration file  [string]
  -e, --env                       Environment to use for operations and .env files  [string]
  -h, --help                      Show help  [boolean]
  -v, --version                   Show version number  [boolean]
suhrob@suhrob:~/Project-3$ npm exec wrangler d1 execute project-3-db

 ⛅️ wrangler 3.60.2
-------------------


✘ [ERROR] Error: must provide --command or --file.


🪵  Logs were written to "/home/suhrob/.config/.wrangler/logs/wrangler-2024-06-13_06-46-15_898.log"
suhrob@suhrob:~/Project-3$ npm exec wrangler d1 create project-3-db

 ⛅️ wrangler 3.60.2
-------------------


✘ [ERROR] A database with that name already exists


🪵  Logs were written to "/home/suhrob/.config/.wrangler/logs/wrangler-2024-06-13_06-46-40_267.log"
suhrob@suhrob:~/Project-3$ npm exec wrangler d1 project-3-db --file init.sql

✘ [ERROR] Unknown arguments: project-3-db, init.sql


wrangler d1

🗄  Interact with a D1 database

Commands:
  wrangler d1 list                List D1 databases
  wrangler d1 info <name>         Get information about a D1 database, including the current database size and state.
  wrangler d1 insights <name>     Experimental command. Get information about the queries run on a D1 database.
  wrangler d1 create <name>       Create D1 database
  wrangler d1 delete <name>       Delete D1 database
  wrangler d1 backup              Interact with D1 Backups
  wrangler d1 execute <database>  Executed command or SQL file
  wrangler d1 export <name>       Export the contents or schema of your database as a .sql file
  wrangler d1 time-travel         Use Time Travel to restore, fork or copy a database at a specific point-in-time.
  wrangler d1 migrations          Interact with D1 Migrations

Flags:
  -j, --experimental-json-config  Experimental: Support wrangler.json  [boolean]
  -c, --config                    Path to .toml configuration file  [string]
  -e, --env                       Environment to use for operations and .env files  [string]
  -h, --help                      Show help  [boolean]
  -v, --version                   Show version number  [boolean]
🪵  Logs were written to "/home/suhrob/.config/.wrangler/logs/wrangler-2024-06-13_06-47-03_316.log"
suhrob@suhrob:~/Project-3$ npm exec wrangler d1 execute project-3-db

 ⛅️ wrangler 3.60.2
-------------------


✘ [ERROR] Error: must provide --command or --file.


🪵  Logs were written to "/home/suhrob/.config/.wrangler/logs/wrangler-2024-06-13_06-51-28_460.log"
suhrob@suhrob:~/Project-3$ npm exec wrangler d1 execute project-3-db --file

 ⛅️ wrangler 3.60.2
-------------------


✘ [ERROR] Error: must provide --command or --file.


🪵  Logs were written to "/home/suhrob/.config/.wrangler/logs/wrangler-2024-06-13_06-51-35_143.log"
suhrob@suhrob:~/Project-3$ npm exec wrangler d1 execute project-3-db --file init.sql

✘ [ERROR] Unknown argument: init.sql


wrangler d1 execute <database>

Executed command or SQL file

Positionals:
  database  The name or binding of the DB  [string] [required]

Flags:
  -j, --experimental-json-config  Experimental: Support wrangler.json  [boolean]
  -c, --config                    Path to .toml configuration file  [string]
  -e, --env                       Environment to use for operations and .env files  [string]
  -h, --help                      Show help  [boolean]
  -v, --version                   Show version number  [boolean]

Options:
  -y, --yes         Answer "yes" to any prompts  [boolean]
      --local       Execute commands/files against a local DB for use with wrangler dev  [boolean]
      --remote      Execute commands/files against a remote DB for use with wrangler dev  [boolean]
      --file        A .sql file to ingest  [string]
      --command     A single SQL statement to execute  [string]
      --persist-to  Specify directory to use for local persistence (for --local)  [string]
      --json        Return output as clean JSON  [boolean] [default: false]
      --preview     Execute commands/files against a preview D1 DB  [boolean] [default: false]
🪵  Logs were written to "/home/suhrob/.config/.wrangler/logs/wrangler-2024-06-13_06-51-44_029.log"
suhrob@suhrob:~/Project-3$ ^C
suhrob@suhrob:~/Project-3$ npm exec wrangler d1 execute project-3-db < init.sql

 ⛅️ wrangler 3.60.2
-------------------


✘ [ERROR] Error: must provide --command or --file.


🪵  Logs were written to "/home/suhrob/.config/.wrangler/logs/wrangler-2024-06-13_06-52-32_200.log"
suhrob@suhrob:~/Project-3$ npm exec wrangler d1 execute project-3-db --file  init.sql

✘ [ERROR] Unknown argument: init.sql


wrangler d1 execute <database>

Executed command or SQL file

Positionals:
  database  The name or binding of the DB  [string] [required]

Flags:
  -j, --experimental-json-config  Experimental: Support wrangler.json  [boolean]
  -c, --config                    Path to .toml configuration file  [string]
  -e, --env                       Environment to use for operations and .env files  [string]
  -h, --help                      Show help  [boolean]
  -v, --version                   Show version number  [boolean]

Options:
  -y, --yes         Answer "yes" to any prompts  [boolean]
      --local       Execute commands/files against a local DB for use with wrangler dev  [boolean]
      --remote      Execute commands/files against a remote DB for use with wrangler dev  [boolean]
      --file        A .sql file to ingest  [string]
      --command     A single SQL statement to execute  [string]
      --persist-to  Specify directory to use for local persistence (for --local)  [string]
      --json        Return output as clean JSON  [boolean] [default: false]
      --preview     Execute commands/files against a preview D1 DB  [boolean] [default: false]
🪵  Logs were written to "/home/suhrob/.config/.wrangler/logs/wrangler-2024-06-13_06-52-43_441.log"
suhrob@suhrob:~/Project-3$ npm exec wrangler d1 execute DB --file  init.sql

✘ [ERROR] Unknown argument: init.sql


wrangler d1 execute <database>

Executed command or SQL file

Positionals:
  database  The name or binding of the DB  [string] [required]

Flags:
  -j, --experimental-json-config  Experimental: Support wrangler.json  [boolean]
  -c, --config                    Path to .toml configuration file  [string]
  -e, --env                       Environment to use for operations and .env files  [string]
  -h, --help                      Show help  [boolean]
  -v, --version                   Show version number  [boolean]

Options:
  -y, --yes         Answer "yes" to any prompts  [boolean]
      --local       Execute commands/files against a local DB for use with wrangler dev  [boolean]
      --remote      Execute commands/files against a remote DB for use with wrangler dev  [boolean]
      --file        A .sql file to ingest  [string]
      --command     A single SQL statement to execute  [string]
      --persist-to  Specify directory to use for local persistence (for --local)  [string]
      --json        Return output as clean JSON  [boolean] [default: false]
      --preview     Execute commands/files against a preview D1 DB  [boolean] [default: false]
🪵  Logs were written to "/home/suhrob/.config/.wrangler/logs/wrangler-2024-06-13_06-53-05_766.log"
suhrob@suhrob:~/Project-3$ wrangler d1 execute project-3-db --file init.sql
wrangler: command not found
suhrob@suhrob:~/Project-3$ wrangler d1 execute project-3-db --file 
.eslintrc.json      .gitignore          jsconfig.json       next.config.mjs     package.json        postcss.config.js   README.md           tailwind.config.js  .wrangler/          
.git/               init.sql            .next/              node_modules/       package-lock.json   public/             src/                .vercel/            wrangler.toml       
suhrob@suhrob:~/Project-3$ npm exec wrangler d1 execute DB --file  init.sql

✘ [ERROR] Unknown argument: init.sql


wrangler d1 execute <database>

Executed command or SQL file

Positionals:
  database  The name or binding of the DB  [string] [required]

Flags:
  -j, --experimental-json-config  Experimental: Support wrangler.json  [boolean]
  -c, --config                    Path to .toml configuration file  [string]
  -e, --env                       Environment to use for operations and .env files  [string]
  -h, --help                      Show help  [boolean]
  -v, --version                   Show version number  [boolean]

Options:
  -y, --yes         Answer "yes" to any prompts  [boolean]
      --local       Execute commands/files against a local DB for use with wrangler dev  [boolean]
      --remote      Execute commands/files against a remote DB for use with wrangler dev  [boolean]
      --file        A .sql file to ingest  [string]
      --command     A single SQL statement to execute  [string]
      --persist-to  Specify directory to use for local persistence (for --local)  [string]
      --json        Return output as clean JSON  [boolean] [default: false]
      --preview     Execute commands/files against a preview D1 DB  [boolean] [default: false]
🪵  Logs were written to "/home/suhrob/.config/.wrangler/logs/wrangler-2024-06-13_06-56-41_954.log"
suhrob@suhrob:~/Project-3$ npm exec wrangler d1 execute DB --file  ./init.sql

✘ [ERROR] Unknown argument: ./init.sql


wrangler d1 execute <database>

Executed command or SQL file

Positionals:
  database  The name or binding of the DB  [string] [required]

Flags:
  -j, --experimental-json-config  Experimental: Support wrangler.json  [boolean]
  -c, --config                    Path to .toml configuration file  [string]
  -e, --env                       Environment to use for operations and .env files  [string]
  -h, --help                      Show help  [boolean]
  -v, --version                   Show version number  [boolean]

Options:
  -y, --yes         Answer "yes" to any prompts  [boolean]
      --local       Execute commands/files against a local DB for use with wrangler dev  [boolean]
      --remote      Execute commands/files against a remote DB for use with wrangler dev  [boolean]
      --file        A .sql file to ingest  [string]
      --command     A single SQL statement to execute  [string]
      --persist-to  Specify directory to use for local persistence (for --local)  [string]
      --json        Return output as clean JSON  [boolean] [default: false]
      --preview     Execute commands/files against a preview D1 DB  [boolean] [default: false]
🪵  Logs were written to "/home/suhrob/.config/.wrangler/logs/wrangler-2024-06-13_07-00-12_406.log"
suhrob@suhrob:~/Project-3$ npm exec wrangler d1 execute DB --command "show tables"

✘ [ERROR] Unknown argument: show tables


wrangler d1 execute <database>

Executed command or SQL file

Positionals:
  database  The name or binding of the DB  [string] [required]

Flags:
  -j, --experimental-json-config  Experimental: Support wrangler.json  [boolean]
  -c, --config                    Path to .toml configuration file  [string]
  -e, --env                       Environment to use for operations and .env files  [string]
  -h, --help                      Show help  [boolean]
  -v, --version                   Show version number  [boolean]

Options:
  -y, --yes         Answer "yes" to any prompts  [boolean]
      --local       Execute commands/files against a local DB for use with wrangler dev  [boolean]
      --remote      Execute commands/files against a remote DB for use with wrangler dev  [boolean]
      --file        A .sql file to ingest  [string]
      --command     A single SQL statement to execute  [string]
      --persist-to  Specify directory to use for local persistence (for --local)  [string]
      --json        Return output as clean JSON  [boolean] [default: false]
      --preview     Execute commands/files against a preview D1 DB  [boolean] [default: false]
🪵  Logs were written to "/home/suhrob/.config/.wrangler/logs/wrangler-2024-06-13_07-03-41_379.log"
suhrob@suhrob:~/Project-3$ npx wrangler d1 list-tables project-3-db

✘ [ERROR] Unknown arguments: list-tables, project-3-db


wrangler d1

🗄  Interact with a D1 database

Commands:
  wrangler d1 list                List D1 databases
  wrangler d1 info <name>         Get information about a D1 database, including the current database size and state.
  wrangler d1 insights <name>     Experimental command. Get information about the queries run on a D1 database.
  wrangler d1 create <name>       Create D1 database
  wrangler d1 delete <name>       Delete D1 database
  wrangler d1 backup              Interact with D1 Backups
  wrangler d1 execute <database>  Executed command or SQL file
  wrangler d1 export <name>       Export the contents or schema of your database as a .sql file
  wrangler d1 time-travel         Use Time Travel to restore, fork or copy a database at a specific point-in-time.
  wrangler d1 migrations          Interact with D1 Migrations

Flags:
  -j, --experimental-json-config  Experimental: Support wrangler.json  [boolean]
  -c, --config                    Path to .toml configuration file  [string]
  -e, --env                       Environment to use for operations and .env files  [string]
  -h, --help                      Show help  [boolean]
  -v, --version                   Show version number  [boolean]
🪵  Logs were written to "/home/suhrob/.config/.wrangler/logs/wrangler-2024-06-13_07-04-25_422.log"
suhrob@suhrob:~/Project-3$ npx wrangler d1 list

 ⛅️ wrangler 3.60.2
-------------------

┌──────────────────────────────────────┬──────────────────────────┬────────────┬──────────────────────────┐
│ uuid                                 │ name                     │ version    │ created_at               │
├──────────────────────────────────────┼──────────────────────────┼────────────┼──────────────────────────┤
│ 1ca9b7ac-f088-4e7f-8868-1b61daa2f192 │ project-3-db             │ production │ 2024-06-13T06:35:14.402Z │
├──────────────────────────────────────┼──────────────────────────┼────────────┼──────────────────────────┤
│ a9b5ffa7-1b8c-4d27-b9c2-66a824430bc2 │ my-app                   │ production │ 2024-06-13T05:21:18.692Z │
├──────────────────────────────────────┼──────────────────────────┼────────────┼──────────────────────────┤
│ 5b40b9c6-aadf-44a0-b998-c692e0fd63a2 │ roof-app                 │ production │ 2024-06-13T05:08:12.545Z │
├──────────────────────────────────────┼──────────────────────────┼────────────┼──────────────────────────┤
│ 55c4c358-3490-4b06-9a89-5b828a54405e │ for-images-db            │ production │ 2024-06-11T08:25:29.254Z │
├──────────────────────────────────────┼──────────────────────────┼────────────┼──────────────────────────┤
│ 524cbf20-f169-4c4d-b6b1-b51b50d22e7c │ project-1-submissions-db │ production │ 2024-06-10T11:43:49.818Z │
└──────────────────────────────────────┴──────────────────────────┴────────────┴──────────────────────────┘
suhrob@suhrob:~/Project-3$ npx wrangler d1 execute project-3-db --command "select * from tables;"

 ⛅️ wrangler 3.60.2
-------------------

🌀 Executing on local database project-3-db (DB) from .wrangler/state/v3/d1:
🌀 To execute on your remote database, add a --remote flag to your wrangler command.

✘ [ERROR] no such table: tables


If you think this is a bug then please create an issue at https://github.com/cloudflare/workers-sdk/issues/new/choose
✔ Would you like to report this error to Cloudflare? … no
🪵  Logs were written to "/home/suhrob/.config/.wrangler/logs/wrangler-2024-06-13_07-06-47_136.log"
suhrob@suhrob:~/Project-3$ npx wrangler d1 execute project-3-db --file ./init.sql

 ⛅️ wrangler 3.60.2
-------------------

🌀 Executing on local database project-3-db (DB) from .wrangler/state/v3/d1:
🌀 To execute on your remote database, add a --remote flag to your wrangler command.

suhrob@suhrob:~/Project-3$ npx wrangler d1 execute project-3-db --file ./init.sql

 ⛅️ wrangler 3.60.2
-------------------

🌀 Executing on local database project-3-db (DB) from .wrangler/state/v3/d1:
🌀 To execute on your remote database, add a --remote flag to your wrangler command.

suhrob@suhrob:~/Project-3$ npx wrangler d1 execute project-3-db --command "select * from tables;"

 ⛅️ wrangler 3.60.2
-------------------

🌀 Executing on local database project-3-db (DB) from .wrangler/state/v3/d1:
🌀 To execute on your remote database, add a --remote flag to your wrangler command.

✘ [ERROR] no such table: tables


If you think this is a bug then please create an issue at https://github.com/cloudflare/workers-sdk/issues/new/choose
✔ Would you like to report this error to Cloudflare? … no
🪵  Logs were written to "/home/suhrob/.config/.wrangler/logs/wrangler-2024-06-13_07-07-55_675.log"
suhrob@suhrob:~/Project-3$ 
suhrob@suhrob:~/Project-3$ npx wrangler d1 execute project-3-db --file ./init.sql

 ⛅️ wrangler 3.60.2
-------------------

🌀 Executing on local database project-3-db (DB) from .wrangler/state/v3/d1:
🌀 To execute on your remote database, add a --remote flag to your wrangler command.

suhrob@suhrob:~/Project-3$ npx wrangler d1 execute project-3-db --file ./init.sql --remote

 ⛅️ wrangler 3.60.2
-------------------

✔ ⚠️ This process may take some time, during which your D1 database will be unavailable to serve queries.
  Ok to proceed? … yes
🌀 Executing on preview database project-3-db (1ca9b7ac-f088-4e7f-8868-1b61daa2f192):
🌀 To execute on your local development database, remove the --remote flag from your wrangler command.
Note: if the execution fails to complete, your DB will return to its original state and you can safely retry.
├ 🌀 Uploading 1ca9b7ac-f088-4e7f-8868-1b61daa2f192.003d93c8d1ee08d0.sql 
│ 🌀 Uploading complete.
│ 
🌀 Starting import...
🌀 Processed 3 queries.
🚣 Executed 3 queries in 0.00 seconds (1 rows read, 5 rows written)
   Database is currently at bookmark 00000001-00000000-00004daf-2101aec35913e96030c2ddea75b07ed7.
┌────────────────────────┬───────────┬──────────────┬───────────────────┐
│ Total queries executed │ Rows read │ Rows written │ Databas size (MB) │
├────────────────────────┼───────────┼──────────────┼───────────────────┤
│ 3                      │ 1         │ 5            │ 0.02              │
└────────────────────────┴───────────┴──────────────┴───────────────────┘

suhrob@suhrob:~/Project-3$ npx wrangler d1 execute project-3-db --command "select * from tables;"

 ⛅️ wrangler 3.60.2
-------------------

🌀 Executing on local database project-3-db (DB) from .wrangler/state/v3/d1:
🌀 To execute on your remote database, add a --remote flag to your wrangler command.

✘ [ERROR] no such table: tables


If you think this is a bug then please create an issue at https://github.com/cloudflare/workers-sdk/issues/new/choose
✔ Would you like to report this error to Cloudflare? … no
🪵  Logs were written to "/home/suhrob/.config/.wrangler/logs/wrangler-2024-06-13_07-10-35_326.log"
suhrob@suhrob:~/Project-3$ npx wrangler d1 execute project-3-db --command "select * from tables;" --remote

 ⛅️ wrangler 3.60.2
-------------------

🌀 Executing on preview database project-3-db (1ca9b7ac-f088-4e7f-8868-1b61daa2f192):
🌀 To execute on your local development database, remove the --remote flag from your wrangler command.

✘ [ERROR] A request to the Cloudflare API (/accounts/82de3e57bb564c662fbbc0e7321dd4a9/d1/database/1ca9b7ac-f088-4e7f-8868-1b61daa2f192/query) failed.

  no such table: tables [code: 7500]
  
  If you think this is a bug, please open an issue at:
  https://github.com/cloudflare/workers-sdk/issues/new/choose


suhrob@suhrob:~/Project-3$ npm exec wrangler d1 list-tables project-3-db

✘ [ERROR] Unknown arguments: list-tables, project-3-db


wrangler d1

🗄  Interact with a D1 database

Commands:
  wrangler d1 list                List D1 databases
  wrangler d1 info <name>         Get information about a D1 database, including the current database size and state.
  wrangler d1 insights <name>     Experimental command. Get information about the queries run on a D1 database.
  wrangler d1 create <name>       Create D1 database
  wrangler d1 delete <name>       Delete D1 database
  wrangler d1 backup              Interact with D1 Backups
  wrangler d1 execute <database>  Executed command or SQL file
  wrangler d1 export <name>       Export the contents or schema of your database as a .sql file
  wrangler d1 time-travel         Use Time Travel to restore, fork or copy a database at a specific point-in-time.
  wrangler d1 migrations          Interact with D1 Migrations

Flags:
  -j, --experimental-json-config  Experimental: Support wrangler.json  [boolean]
  -c, --config                    Path to .toml configuration file  [string]
  -e, --env                       Environment to use for operations and .env files  [string]
  -h, --help                      Show help  [boolean]
  -v, --version                   Show version number  [boolean]
🪵  Logs were written to "/home/suhrob/.config/.wrangler/logs/wrangler-2024-06-13_07-12-48_290.log"
suhrob@suhrob:~/Project-3$ npm exec  wrangler d1 execute project-3-db --command "select * from todo_list;"

✘ [ERROR] Unknown argument: select * from todo_list;


wrangler d1 execute <database>

Executed command or SQL file

Positionals:
  database  The name or binding of the DB  [string] [required]

Flags:
  -j, --experimental-json-config  Experimental: Support wrangler.json  [boolean]
  -c, --config                    Path to .toml configuration file  [string]
  -e, --env                       Environment to use for operations and .env files  [string]
  -h, --help                      Show help  [boolean]
  -v, --version                   Show version number  [boolean]

Options:
  -y, --yes         Answer "yes" to any prompts  [boolean]
      --local       Execute commands/files against a local DB for use with wrangler dev  [boolean]
      --remote      Execute commands/files against a remote DB for use with wrangler dev  [boolean]
      --file        A .sql file to ingest  [string]
      --command     A single SQL statement to execute  [string]
      --persist-to  Specify directory to use for local persistence (for --local)  [string]
      --json        Return output as clean JSON  [boolean] [default: false]
      --preview     Execute commands/files against a preview D1 DB  [boolean] [default: false]
🪵  Logs were written to "/home/suhrob/.config/.wrangler/logs/wrangler-2024-06-13_07-14-00_187.log"
suhrob@suhrob:~/Project-3$ npm exec  wrangler d1 execute project-3-db --command "select * from todo_lists;"

✘ [ERROR] Unknown argument: select * from todo_lists;


wrangler d1 execute <database>

Executed command or SQL file

Positionals:
  database  The name or binding of the DB  [string] [required]

Flags:
  -j, --experimental-json-config  Experimental: Support wrangler.json  [boolean]
  -c, --config                    Path to .toml configuration file  [string]
  -e, --env                       Environment to use for operations and .env files  [string]
  -h, --help                      Show help  [boolean]
  -v, --version                   Show version number  [boolean]

Options:
  -y, --yes         Answer "yes" to any prompts  [boolean]
      --local       Execute commands/files against a local DB for use with wrangler dev  [boolean]
      --remote      Execute commands/files against a remote DB for use with wrangler dev  [boolean]
      --file        A .sql file to ingest  [string]
      --command     A single SQL statement to execute  [string]
      --persist-to  Specify directory to use for local persistence (for --local)  [string]
      --json        Return output as clean JSON  [boolean] [default: false]
      --preview     Execute commands/files against a preview D1 DB  [boolean] [default: false]
🪵  Logs were written to "/home/suhrob/.config/.wrangler/logs/wrangler-2024-06-13_07-14-09_495.log"
suhrob@suhrob:~/Project-3$ npx wrangler d1 list

 ⛅️ wrangler 3.60.2
-------------------

┌──────────────────────────────────────┬──────────────────────────┬────────────┬──────────────────────────┐
│ uuid                                 │ name                     │ version    │ created_at               │
├──────────────────────────────────────┼──────────────────────────┼────────────┼──────────────────────────┤
│ 1ca9b7ac-f088-4e7f-8868-1b61daa2f192 │ project-3-db             │ production │ 2024-06-13T06:35:14.402Z │
├──────────────────────────────────────┼──────────────────────────┼────────────┼──────────────────────────┤
│ a9b5ffa7-1b8c-4d27-b9c2-66a824430bc2 │ my-app                   │ production │ 2024-06-13T05:21:18.692Z │
├──────────────────────────────────────┼──────────────────────────┼────────────┼──────────────────────────┤
│ 5b40b9c6-aadf-44a0-b998-c692e0fd63a2 │ roof-app                 │ production │ 2024-06-13T05:08:12.545Z │
├──────────────────────────────────────┼──────────────────────────┼────────────┼──────────────────────────┤
│ 55c4c358-3490-4b06-9a89-5b828a54405e │ for-images-db            │ production │ 2024-06-11T08:25:29.254Z │
├──────────────────────────────────────┼──────────────────────────┼────────────┼──────────────────────────┤
│ 524cbf20-f169-4c4d-b6b1-b51b50d22e7c │ project-1-submissions-db │ production │ 2024-06-10T11:43:49.818Z │
└──────────────────────────────────────┴──────────────────────────┴────────────┴──────────────────────────┘
suhrob@suhrob:~/Project-3$ npx wrangler d1 --help;
wrangler d1

🗄  Interact with a D1 database

Commands:
  wrangler d1 list                List D1 databases
  wrangler d1 info <name>         Get information about a D1 database, including the current database size and state.
  wrangler d1 insights <name>     Experimental command. Get information about the queries run on a D1 database.
  wrangler d1 create <name>       Create D1 database
  wrangler d1 delete <name>       Delete D1 database
  wrangler d1 backup              Interact with D1 Backups
  wrangler d1 execute <database>  Executed command or SQL file
  wrangler d1 export <name>       Export the contents or schema of your database as a .sql file
  wrangler d1 time-travel         Use Time Travel to restore, fork or copy a database at a specific point-in-time.
  wrangler d1 migrations          Interact with D1 Migrations

Flags:
  -j, --experimental-json-config  Experimental: Support wrangler.json  [boolean]
  -c, --config                    Path to .toml configuration file  [string]
  -e, --env                       Environment to use for operations and .env files  [string]
  -h, --help                      Show help  [boolean]
  -v, --version                   Show version number  [boolean]
suhrob@suhrob:~/Project-3$ npm exec  wrangler d1 execute project-3-db --command "SELECT name FROM sqlite_master WHERE type='table;'
> "

✘ [ERROR] Unknown argument: SELECT name FROM sqlite_master WHERE type='table;'

  


wrangler d1 execute <database>

Executed command or SQL file

Positionals:
  database  The name or binding of the DB  [string] [required]

Flags:
  -j, --experimental-json-config  Experimental: Support wrangler.json  [boolean]
  -c, --config                    Path to .toml configuration file  [string]
  -e, --env                       Environment to use for operations and .env files  [string]
  -h, --help                      Show help  [boolean]
  -v, --version                   Show version number  [boolean]

Options:
  -y, --yes         Answer "yes" to any prompts  [boolean]
      --local       Execute commands/files against a local DB for use with wrangler dev  [boolean]
      --remote      Execute commands/files against a remote DB for use with wrangler dev  [boolean]
      --file        A .sql file to ingest  [string]
      --command     A single SQL statement to execute  [string]
      --persist-to  Specify directory to use for local persistence (for --local)  [string]
      --json        Return output as clean JSON  [boolean] [default: false]
      --preview     Execute commands/files against a preview D1 DB  [boolean] [default: false]
🪵  Logs were written to "/home/suhrob/.config/.wrangler/logs/wrangler-2024-06-13_07-17-22_418.log"
suhrob@suhrob:~/Project-3$ npm exec  wrangler d1 execute project-3-db --command "SELECT name FROM sqlite_master WHERE type='table;"

✘ [ERROR] Unknown argument: SELECT name FROM sqlite_master WHERE type='table;


wrangler d1 execute <database>

Executed command or SQL file

Positionals:
  database  The name or binding of the DB  [string] [required]

Flags:
  -j, --experimental-json-config  Experimental: Support wrangler.json  [boolean]
  -c, --config                    Path to .toml configuration file  [string]
  -e, --env                       Environment to use for operations and .env files  [string]
  -h, --help                      Show help  [boolean]
  -v, --version                   Show version number  [boolean]

Options:
  -y, --yes         Answer "yes" to any prompts  [boolean]
      --local       Execute commands/files against a local DB for use with wrangler dev  [boolean]
      --remote      Execute commands/files against a remote DB for use with wrangler dev  [boolean]
      --file        A .sql file to ingest  [string]
      --command     A single SQL statement to execute  [string]
      --persist-to  Specify directory to use for local persistence (for --local)  [string]
      --json        Return output as clean JSON  [boolean] [default: false]
      --preview     Execute commands/files against a preview D1 DB  [boolean] [default: false]
🪵  Logs were written to "/home/suhrob/.config/.wrangler/logs/wrangler-2024-06-13_07-17-31_517.log"
suhrob@suhrob:~/Project-3$ npm exec wrangler d1
wrangler d1

🗄  Interact with a D1 database

Commands:
  wrangler d1 list                List D1 databases
  wrangler d1 info <name>         Get information about a D1 database, including the current database size and state.
  wrangler d1 insights <name>     Experimental command. Get information about the queries run on a D1 database.
  wrangler d1 create <name>       Create D1 database
  wrangler d1 delete <name>       Delete D1 database
  wrangler d1 backup              Interact with D1 Backups
  wrangler d1 execute <database>  Executed command or SQL file
  wrangler d1 export <name>       Export the contents or schema of your database as a .sql file
  wrangler d1 time-travel         Use Time Travel to restore, fork or copy a database at a specific point-in-time.
  wrangler d1 migrations          Interact with D1 Migrations

Flags:
  -j, --experimental-json-config  Experimental: Support wrangler.json  [boolean]
  -c, --config                    Path to .toml configuration file  [string]
  -e, --env                       Environment to use for operations and .env files  [string]
  -h, --help                      Show help  [boolean]
  -v, --version                   Show version number  [boolean]
suhrob@suhrob:~/Project-3$ npm exec wrangler d1 --help
Run a command from a local or remote npm package

Usage:
npm exec -- <pkg>[@<version>] [args...]
npm exec --package=<pkg>[@<version>] -- <cmd> [args...]
npm exec -c '<cmd> [args...]'
npm exec --package=foo -c '<cmd> [args...]'

Options:
[--package <package-spec> [--package <package-spec> ...]] [-c|--call <call>]
[-w|--workspace <workspace-name> [-w|--workspace <workspace-name> ...]]
[-ws|--workspaces] [--include-workspace-root]

alias: x

Run "npm help exec" for more info
suhrob@suhrob:~/Project-3$ npm exec wrangler d1
wrangler d1

🗄  Interact with a D1 database

Commands:
  wrangler d1 list                List D1 databases
  wrangler d1 info <name>         Get information about a D1 database, including the current database size and state.
  wrangler d1 insights <name>     Experimental command. Get information about the queries run on a D1 database.
  wrangler d1 create <name>       Create D1 database
  wrangler d1 delete <name>       Delete D1 database
  wrangler d1 backup              Interact with D1 Backups
  wrangler d1 execute <database>  Executed command or SQL file
  wrangler d1 export <name>       Export the contents or schema of your database as a .sql file
  wrangler d1 time-travel         Use Time Travel to restore, fork or copy a database at a specific point-in-time.
  wrangler d1 migrations          Interact with D1 Migrations

Flags:
  -j, --experimental-json-config  Experimental: Support wrangler.json  [boolean]
  -c, --config                    Path to .toml configuration file  [string]
  -e, --env                       Environment to use for operations and .env files  [string]
  -h, --help                      Show help  [boolean]
  -v, --version                   Show version number  [boolean]
suhrob@suhrob:~/Project-3$ npx wrangler --help
wrangler

Commands:
  wrangler docs [command..]            📚 Open wrangler's docs in your browser
  wrangler init [name]                 📥 Initialize a basic Worker project, including a wrangler.toml file
  wrangler generate [name] [template]  ✨ Generate a new Worker project from an existing Worker template. See https://github.com/cloudflare/workers-sdk/tree/main/templates
  wrangler dev [script]                👂 Start a local server for developing your worker
  wrangler deploy [script]             🆙 Deploy your Worker to Cloudflare.  [aliases: publish]
  wrangler delete [script]             🗑  Delete your Worker from Cloudflare.
  wrangler tail [worker]               🦚 Starts a log tailing session for a published Worker.
  wrangler secret                      🤫 Generate a secret that can be referenced in a Worker
  wrangler kv                          🗂️  Interact with your Workers KV Namespaces
  wrangler pages                       ⚡️ Configure Cloudflare Pages
  wrangler queues                      🇶 Configure Workers Queues
  wrangler r2                          📦 Interact with an R2 store
  wrangler dispatch-namespace          📦 Interact with a dispatch namespace
  wrangler d1                          🗄  Interact with a D1 database
  wrangler hyperdrive                  🚀 Configure Hyperdrive databases
  wrangler ai                          🤖 Interact with AI models
  wrangler vectorize                   🧮 Interact with Vectorize indexes
  wrangler pubsub                      📮 Interact and manage Pub/Sub Brokers
  wrangler mtls-certificate            🪪 Manage certificates used for mTLS connections
  wrangler login                       🔓 Login to Cloudflare
  wrangler logout                      🚪 Logout from Cloudflare
  wrangler whoami                      🕵️  Retrieve your user info and test your auth config
  wrangler types [path]                📝 Generate types from bindings & module rules in config
  wrangler deployments                 🚢 List and view details for deployments
  wrangler rollback [deployment-id]    🔙 Rollback a deployment

Flags:
  -j, --experimental-json-config  Experimental: Support wrangler.json  [boolean]
  -c, --config                    Path to .toml configuration file  [string]
  -e, --env                       Environment to use for operations and .env files  [string]
  -h, --help                      Show help  [boolean]
  -v, --version                   Show version number  [boolean]
suhrob@suhrob:~/Project-3$ npx wrangler docs

 ⛅️ wrangler 3.60.2
-------------------

Opening a link in your default browser: https://developers.cloudflare.com/workers/wrangler/commands/
suhrob@suhrob:~/Project-3$ npx wrangler d1 info project-3-db

 ⛅️ wrangler 3.60.2
-------------------

┌───────────────────┬──────────────────────────────────────┐
│ DB                │ 1ca9b7ac-f088-4e7f-8868-1b61daa2f192 │
├───────────────────┼──────────────────────────────────────┤
│ name              │ project-3-db                         │
├───────────────────┼──────────────────────────────────────┤
│ created_at        │ 2024-06-13T06:35:14.402Z             │
├───────────────────┼──────────────────────────────────────┤
│ num_tables        │ 1                                    │
├───────────────────┼──────────────────────────────────────┤
│ running_in_region │ EEUR                                 │
├───────────────────┼──────────────────────────────────────┤
│ database_size     │ 20.5 kB                              │
├───────────────────┼──────────────────────────────────────┤
│ read_queries_24h  │ 0                                    │
├───────────────────┼──────────────────────────────────────┤
│ write_queries_24h │ 1                                    │
├───────────────────┼──────────────────────────────────────┤
│ rows_read_24h     │ 1                                    │
├───────────────────┼──────────────────────────────────────┤
│ rows_written_24h  │ 5                                    │
└───────────────────┴──────────────────────────────────────┘
suhrob@suhrob:~/Project-3$ npx wrangler d1 execute project-3-db --file ./init.sql --remote

 ⛅️ wrangler 3.60.2
-------------------

✔ ⚠️ This process may take some time, during which your D1 database will be unavailable to serve queries.
  Ok to proceed? … yes
🌀 Executing on preview database project-3-db (1ca9b7ac-f088-4e7f-8868-1b61daa2f192):
🌀 To execute on your local development database, remove the --remote flag from your wrangler command.
Note: if the execution fails to complete, your DB will return to its original state and you can safely retry.
├ 🌀 Uploading 1ca9b7ac-f088-4e7f-8868-1b61daa2f192.ee4d85122d0ce849.sql 
│ 🌀 Uploading complete.
│ 
🌀 Starting import...
🌀 Processed 6 queries.
🚣 Executed 6 queries in 0.00 seconds (7 rows read, 10 rows written)
   Database is currently at bookmark 00000003-00000000-00004daf-3c779630420eb58bc454f9d6fb26ae86.
┌────────────────────────┬───────────┬──────────────┬───────────────────┐
│ Total queries executed │ Rows read │ Rows written │ Databas size (MB) │
├────────────────────────┼───────────┼──────────────┼───────────────────┤
│ 6                      │ 7         │ 10           │ 0.03              │
└────────────────────────┴───────────┴──────────────┴───────────────────┘

suhrob@suhrob:~/Project-3$ npx wrangler d1 info project-3-db

 ⛅️ wrangler 3.60.2
-------------------

┌───────────────────┬──────────────────────────────────────┐
│ DB                │ 1ca9b7ac-f088-4e7f-8868-1b61daa2f192 │
├───────────────────┼──────────────────────────────────────┤
│ name              │ project-3-db                         │
├───────────────────┼──────────────────────────────────────┤
│ created_at        │ 2024-06-13T06:35:14.402Z             │
├───────────────────┼──────────────────────────────────────┤
│ num_tables        │ 2                                    │
├───────────────────┼──────────────────────────────────────┤
│ running_in_region │ EEUR                                 │
├───────────────────┼──────────────────────────────────────┤
│ database_size     │ 28.7 kB                              │
├───────────────────┼──────────────────────────────────────┤
│ read_queries_24h  │ 0                                    │
├───────────────────┼──────────────────────────────────────┤
│ write_queries_24h │ 1                                    │
├───────────────────┼──────────────────────────────────────┤
│ rows_read_24h     │ 1                                    │
├───────────────────┼──────────────────────────────────────┤
│ rows_written_24h  │ 5                                    │
└───────────────────┴──────────────────────────────────────┘
suhrob@suhrob:~/Project-3$ npx wrangler d1 execute project-3-db --file ./init.sql --remote

 ⛅️ wrangler 3.60.2
-------------------

✔ ⚠️ This process may take some time, during which your D1 database will be unavailable to serve queries.
  Ok to proceed? … yes
🌀 Executing on preview database project-3-db (1ca9b7ac-f088-4e7f-8868-1b61daa2f192):
🌀 To execute on your local development database, remove the --remote flag from your wrangler command.
Note: if the execution fails to complete, your DB will return to its original state and you can safely retry.

✘ [ERROR] Received a malformed response from the API

  <!DOCTYPE html>
  <!--[if lt IE 7]> <html class="no-js ie6 oldie" lang="en-US"> <![endif]-->
  <!--[if I... (length = 6421)

  POST
  /accounts/82de3e57bb564c662fbbc0e7321dd4a9/d1/database/1ca9b7ac-f088-4e7f-8868-1b61daa2f192/import
  -> 502 Bad Gateway
  
  If you think this is a bug, please open an issue at:
  https://github.com/cloudflare/workers-sdk/issues/new/choose


suhrob@suhrob:~/Project-3$ npx wrangler d1 info project-3-db

 ⛅️ wrangler 3.60.2
-------------------

┌───────────────────┬──────────────────────────────────────┐
│ DB                │ 1ca9b7ac-f088-4e7f-8868-1b61daa2f192 │
├───────────────────┼──────────────────────────────────────┤
│ name              │ project-3-db                         │
├───────────────────┼──────────────────────────────────────┤
│ created_at        │ 2024-06-13T06:35:14.402Z             │
├───────────────────┼──────────────────────────────────────┤
│ num_tables        │ 2                                    │
├───────────────────┼──────────────────────────────────────┤
│ running_in_region │ EEUR                                 │
├───────────────────┼──────────────────────────────────────┤
│ database_size     │ 28.7 kB                              │
├───────────────────┼──────────────────────────────────────┤
│ read_queries_24h  │ 0                                    │
├───────────────────┼──────────────────────────────────────┤
│ write_queries_24h │ 2                                    │
├───────────────────┼──────────────────────────────────────┤
│ rows_read_24h     │ 8                                    │
├───────────────────┼──────────────────────────────────────┤
│ rows_written_24h  │ 15                                   │
└───────────────────┴──────────────────────────────────────┘
suhrob@suhrob:~/Project-3$ npx wrangler d1 execute your-d1-database-name --command "SELECT name FROM sqlite_master WHERE type='table';"

 ⛅️ wrangler 3.60.2
-------------------


✘ [ERROR] Couldn't find a D1 DB with the name or binding 'your-d1-database-name' in wrangler.toml.


🪵  Logs were written to "/home/suhrob/.config/.wrangler/logs/wrangler-2024-06-13_07-29-46_249.log"
suhrob@suhrob:~/Project-3$ npx wrangler d1 execute DB --command "SELECT name FROM sqlite_master WHERE type='table';"

 ⛅️ wrangler 3.60.2
-------------------

🌀 Executing on local database DB (DB) from .wrangler/state/v3/d1:
🌀 To execute on your remote database, add a --remote flag to your wrangler command.
┌───────────┐
│ name      │
├───────────┤
│ _cf_KV    │
├───────────┤
│ todo_list │
└───────────┘

suhrob@suhrob:~/Project-3$ npx wrangler d1 execute DB --command "SELECT * FROM todo-list;"

 ⛅️ wrangler 3.60.2
-------------------

🌀 Executing on local database DB (DB) from .wrangler/state/v3/d1:
🌀 To execute on your remote database, add a --remote flag to your wrangler command.

✘ [ERROR] near "-": syntax error at offset 18


If you think this is a bug then please create an issue at https://github.com/cloudflare/workers-sdk/issues/new/choose
✔ Would you like to report this error to Cloudflare? … yes
🪵  Logs were written to "/home/suhrob/.config/.wrangler/logs/wrangler-2024-06-13_07-31-29_726.log"
suhrob@suhrob:~/Project-3$ npx wrangler d1 execute DB --command "SELECT * FROM todo_list;"

 ⛅️ wrangler 3.60.2
-------------------

🌀 Executing on local database DB (DB) from .wrangler/state/v3/d1:
🌀 To execute on your remote database, add a --remote flag to your wrangler command.
┌──────┬─────────────┬───────────┐
│ id   │ description │ completed │
├──────┼─────────────┼───────────┤
│ null │ buy milk    │ 0         │
└──────┴─────────────┴───────────┘

suhrob@suhrob:~/Project-3$ npx wrangler d1 execute DB --command "DROP table todo-list"

 ⛅️ wrangler 3.60.2
-------------------

🌀 Executing on local database DB (DB) from .wrangler/state/v3/d1:
🌀 To execute on your remote database, add a --remote flag to your wrangler command.

✘ [ERROR] near "-": syntax error at offset 15


If you think this is a bug then please create an issue at https://github.com/cloudflare/workers-sdk/issues/new/choose
✔ Would you like to report this error to Cloudflare? … yes
🪵  Logs were written to "/home/suhrob/.config/.wrangler/logs/wrangler-2024-06-13_07-33-27_067.log"
suhrob@suhrob:~/Project-3$ npx wrangler d1 execute DB --command "DROP table todo_list"

 ⛅️ wrangler 3.60.2
-------------------

🌀 Executing on local database DB (DB) from .wrangler/state/v3/d1:
🌀 To execute on your remote database, add a --remote flag to your wrangler command.

suhrob@suhrob:~/Project-3$ npx wrangler d1 execute DB --command "SELECT name FROM sqlite_master WHERE type='table';"

 ⛅️ wrangler 3.60.2
-------------------

🌀 Executing on local database DB (DB) from .wrangler/state/v3/d1:
🌀 To execute on your remote database, add a --remote flag to your wrangler command.
┌────────┐
│ name   │
├────────┤
│ _cf_KV │
└────────┘

suhrob@suhrob:~/Project-3$ npx wrangler d1 execute project-3-db --file ./init.sql --remote

 ⛅️ wrangler 3.60.2
-------------------

✔ ⚠️ This process may take some time, during which your D1 database will be unavailable to serve queries.
  Ok to proceed? … yes
🌀 Executing on preview database project-3-db (1ca9b7ac-f088-4e7f-8868-1b61daa2f192):
🌀 To execute on your local development database, remove the --remote flag from your wrangler command.
Note: if the execution fails to complete, your DB will return to its original state and you can safely retry.
├ 🌀 Uploading 1ca9b7ac-f088-4e7f-8868-1b61daa2f192.af4b539e478e067e.sql 
│ 🌀 Uploading complete.
│ 
🌀 Starting import...
🌀 Processed 4 queries.
🚣 Executed 4 queries in 0.01 seconds (17 rows read, 7 rows written)
   Database is currently at bookmark 00000004-00000000-00004daf-f9d607157ccc98ed6e7425022820b0ad.
┌────────────────────────┬───────────┬──────────────┬───────────────────┐
│ Total queries executed │ Rows read │ Rows written │ Databas size (MB) │
├────────────────────────┼───────────┼──────────────┼───────────────────┤
│ 4                      │ 17        │ 7            │ 0.03              │
└────────────────────────┴───────────┴──────────────┴───────────────────┘

suhrob@suhrob:~/Project-3$ npx wrangler d1 execute DB --command "SELECT name FROM sqlite_master WHERE type='table';"

 ⛅️ wrangler 3.60.2
-------------------

🌀 Executing on local database DB (DB) from .wrangler/state/v3/d1:
🌀 To execute on your remote database, add a --remote flag to your wrangler command.
┌────────┐
│ name   │
├────────┤
│ _cf_KV │
└────────┘

suhrob@suhrob:~/Project-3$ npx wrangler d1 execute project-3-db --file ./init.sql

 ⛅️ wrangler 3.60.2
-------------------

🌀 Executing on local database project-3-db (DB) from .wrangler/state/v3/d1:
🌀 To execute on your remote database, add a --remote flag to your wrangler command.
┌──────┬─────────────┬───────────┐
│ id   │ description │ completed │
├──────┼─────────────┼───────────┤
│ null │ buy milk    │ 0         │
└──────┴─────────────┴───────────┘

suhrob@suhrob:~/Project-3$ 
suhrob@suhrob:~/Project-3$ npx wrangler d1 execute project-3-db --file ./init.sql

 ⛅️ wrangler 3.60.2
-------------------

🌀 Executing on local database project-3-db (DB) from .wrangler/state/v3/d1:
🌀 To execute on your remote database, add a --remote flag to your wrangler command.
┌──────┬─────────────┬───────────┐
│ id   │ description │ completed │
├──────┼─────────────┼───────────┤
│ null │ buy milk    │ 0         │
└──────┴─────────────┴───────────┘

suhrob@suhrob:~/Project-3$ npx wrangler d1 execute project-3-db --file ./init.sql

 ⛅️ wrangler 3.60.2
-------------------

🌀 Executing on local database project-3-db (DB) from .wrangler/state/v3/d1:
🌀 To execute on your remote database, add a --remote flag to your wrangler command.

suhrob@suhrob:~/Project-3$ npx wrangler d1 execute DB --command "PRAGMA table_info(connections);"

 ⛅️ wrangler 3.60.2
-------------------

🌀 Executing on local database DB (DB) from .wrangler/state/v3/d1:
🌀 To execute on your remote database, add a --remote flag to your wrangler command.

suhrob@suhrob:~/Project-3$ npx wrangler d1 execute DB --command "DESCRIBE connections"

 ⛅️ wrangler 3.60.2
-------------------

🌀 Executing on local database DB (DB) from .wrangler/state/v3/d1:
🌀 To execute on your remote database, add a --remote flag to your wrangler command.

✘ [ERROR] near "DESCRIBE": syntax error at offset 0


If you think this is a bug then please create an issue at https://github.com/cloudflare/workers-sdk/issues/new/choose
✔ Would you like to report this error to Cloudflare? … yes
🪵  Logs were written to "/home/suhrob/.config/.wrangler/logs/wrangler-2024-06-13_10-54-05_466.log"
suhrob@suhrob:~/Project-3$ npx wrangler d1 execute DB --command "DESCRIBE connections;"

 ⛅️ wrangler 3.60.2
-------------------

🌀 Executing on local database DB (DB) from .wrangler/state/v3/d1:
🌀 To execute on your remote database, add a --remote flag to your wrangler command.

✘ [ERROR] near "DESCRIBE": syntax error at offset 0


If you think this is a bug then please create an issue at https://github.com/cloudflare/workers-sdk/issues/new/choose
✔ Would you like to report this error to Cloudflare? … yes
🪵  Logs were written to "/home/suhrob/.config/.wrangler/logs/wrangler-2024-06-13_10-54-13_959.log"
suhrob@suhrob:~/Project-3$ npx wrangler d1 execute DB --command "PRAGMA table_info(connections);"

 ⛅️ wrangler 3.60.2
-------------------

🌀 Executing on local database DB (DB) from .wrangler/state/v3/d1:
🌀 To execute on your remote database, add a --remote flag to your wrangler command.

suhrob@suhrob:~/Project-3$ npx wrangler d1 execute DB --command "select * from connections;"

 ⛅️ wrangler 3.60.2
-------------------

🌀 Executing on local database DB (DB) from .wrangler/state/v3/d1:
🌀 To execute on your remote database, add a --remote flag to your wrangler command.

✘ [ERROR] no such table: connections


If you think this is a bug then please create an issue at https://github.com/cloudflare/workers-sdk/issues/new/choose
✔ Would you like to report this error to Cloudflare? … yes
🪵  Logs were written to "/home/suhrob/.config/.wrangler/logs/wrangler-2024-06-13_10-55-25_289.log"
suhrob@suhrob:~/Project-3$ npx wrangler d1 execute project-3-db --command "select * from connections;"

 ⛅️ wrangler 3.60.2
-------------------

🌀 Executing on local database project-3-db (DB) from .wrangler/state/v3/d1:
🌀 To execute on your remote database, add a --remote flag to your wrangler command.

✘ [ERROR] no such table: connections


If you think this is a bug then please create an issue at https://github.com/cloudflare/workers-sdk/issues/new/choose
✔ Would you like to report this error to Cloudflare? … yes
🪵  Logs were written to "/home/suhrob/.config/.wrangler/logs/wrangler-2024-06-13_10-55-45_991.log"
suhrob@suhrob:~/Project-3$ npx wrangler d1 execute DB --command "SELECT name FROM sqlite_master WHERE type='table';"

 ⛅️ wrangler 3.60.2
-------------------

🌀 Executing on local database DB (DB) from .wrangler/state/v3/d1:
🌀 To execute on your remote database, add a --remote flag to your wrangler command.
┌───────────┐
│ name      │
├───────────┤
│ _cf_KV    │
├───────────┤
│ todo_list │
├───────────┤
│ images    │
└───────────┘

suhrob@suhrob:~/Project-3$ npx wrangler d1 execute project-3-db --command "drop table todo_list;"

 ⛅️ wrangler 3.60.2
-------------------

🌀 Executing on local database project-3-db (DB) from .wrangler/state/v3/d1:
🌀 To execute on your remote database, add a --remote flag to your wrangler command.

suhrob@suhrob:~/Project-3$ npx wrangler d1 execute project-3-db --command "drop table images;"

 ⛅️ wrangler 3.60.2
-------------------

🌀 Executing on local database project-3-db (DB) from .wrangler/state/v3/d1:
🌀 To execute on your remote database, add a --remote flag to your wrangler command.

suhrob@suhrob:~/Project-3$ npx wrangler d1 execute project-3-db --file ./init.sql

 ⛅️ wrangler 3.60.2
-------------------

🌀 Executing on local database project-3-db (DB) from .wrangler/state/v3/d1:
🌀 To execute on your remote database, add a --remote flag to your wrangler command.

suhrob@suhrob:~/Project-3$ npx wrangler d1 execute DB --command "SELECT name FROM sqlite_master WHERE type='table';"

 ⛅️ wrangler 3.60.2
-------------------

🌀 Executing on local database DB (DB) from .wrangler/state/v3/d1:
🌀 To execute on your remote database, add a --remote flag to your wrangler command.
┌─────────────┐
│ name        │
├─────────────┤
│ _cf_KV      │
├─────────────┤
│ connections │
├─────────────┤
│ images      │
└─────────────┘

suhrob@suhrob:~/Project-3$ npx wrangler d1 execute DB --command "select * from connections;"

 ⛅️ wrangler 3.60.2
-------------------

🌀 Executing on local database DB (DB) from .wrangler/state/v3/d1:
🌀 To execute on your remote database, add a --remote flag to your wrangler command.

suhrob@suhrob:~/Project-3$ npx wrangler d1 execute DB --command "PRAGMA table_info(connections);"

 ⛅️ wrangler 3.60.2
-------------------

🌀 Executing on local database DB (DB) from .wrangler/state/v3/d1:
🌀 To execute on your remote database, add a --remote flag to your wrangler command.
┌─────┬───────────────────┬───────────┬─────────┬────────────┬────┐
│ cid │ name              │ type      │ notnull │ dflt_value │ pk │
├─────┼───────────────────┼───────────┼─────────┼────────────┼────┤
│ 0   │ id                │ SERIAL    │ 0       │ null       │ 1  │
├─────┼───────────────────┼───────────┼─────────┼────────────┼────┤
│ 1   │ mail              │ TEXT      │ 0       │ null       │ 0  │
├─────┼───────────────────┼───────────┼─────────┼────────────┼────┤
│ 2   │ title             │ TEXT      │ 0       │ null       │ 0  │
├─────┼───────────────────┼───────────┼─────────┼────────────┼────┤
│ 3   │ short_description │ TEXT      │ 0       │ null       │ 0  │
├─────┼───────────────────┼───────────┼─────────┼────────────┼────┤
│ 4   │ long_description  │ TEXT      │ 0       │ null       │ 0  │
├─────┼───────────────────┼───────────┼─────────┼────────────┼────┤
│ 5   │ contact           │ TEXT      │ 0       │ null       │ 0  │
├─────┼───────────────────┼───────────┼─────────┼────────────┼────┤
│ 6   │ img_url           │ TEXT      │ 0       │ null       │ 0  │
├─────┼───────────────────┼───────────┼─────────┼────────────┼────┤
│ 7   │ img_id            │ INT       │ 0       │ null       │ 0  │
├─────┼───────────────────┼───────────┼─────────┼────────────┼────┤
│ 8   │ created_at        │ TIMESTAMP │ 0       │ null       │ 0  │
└─────┴───────────────────┴───────────┴─────────┴────────────┴────┘

suhrob@suhrob:~/Project-3$ npx wrangler d1 execute project-3-db --file ./init.sql

 ⛅️ wrangler 3.60.2
-------------------

🌀 Executing on local database project-3-db (DB) from .wrangler/state/v3/d1:
🌀 To execute on your remote database, add a --remote flag to your wrangler command.

✘ [ERROR] near "created_at": syntax error at offset 103


If you think this is a bug then please create an issue at https://github.com/cloudflare/workers-sdk/issues/new/choose
✔ Would you like to report this error to Cloudflare? … no
🪵  Logs were written to "/home/suhrob/.config/.wrangler/logs/wrangler-2024-06-13_11-53-06_686.log"
suhrob@suhrob:~/Project-3$ npx wrangler d1 execute project-3-db --file ./init.sql

 ⛅️ wrangler 3.60.2
-------------------

🌀 Executing on local database project-3-db (DB) from .wrangler/state/v3/d1:
🌀 To execute on your remote database, add a --remote flag to your wrangler command.

✘ [ERROR] near "created_at": syntax error at offset 103


If you think this is a bug then please create an issue at https://github.com/cloudflare/workers-sdk/issues/new/choose
✔ Would you like to report this error to Cloudflare? … no
🪵  Logs were written to "/home/suhrob/.config/.wrangler/logs/wrangler-2024-06-13_11-56-08_941.log"
suhrob@suhrob:~/Project-3$ npx wrangler d1 execute project-3-db --file ./init.sql

 ⛅️ wrangler 3.60.2
-------------------

🌀 Executing on local database project-3-db (DB) from .wrangler/state/v3/d1:
🌀 To execute on your remote database, add a --remote flag to your wrangler command.

✘ [ERROR] near "created_at": syntax error at offset 103


If you think this is a bug then please create an issue at https://github.com/cloudflare/workers-sdk/issues/new/choose
✖ Would you like to report this error to Cloudflare? … yes
🪵  Logs were written to "/home/suhrob/.config/.wrangler/logs/wrangler-2024-06-13_11-56-45_595.log"
suhrob@suhrob:~/Project-3$ npx wrangler d1 execute project-3-db --file ./init.sql

 ⛅️ wrangler 3.60.2
-------------------

🌀 Executing on local database project-3-db (DB) from .wrangler/state/v3/d1:
🌀 To execute on your remote database, add a --remote flag to your wrangler command.

✘ [ERROR] near "created_at": syntax error at offset 103


If you think this is a bug then please create an issue at https://github.com/cloudflare/workers-sdk/issues/new/choose
✔ Would you like to report this error to Cloudflare? … no
🪵  Logs were written to "/home/suhrob/.config/.wrangler/logs/wrangler-2024-06-13_13-24-46_893.log"
suhrob@suhrob:~/Project-3$ npx wrangler d1 execute project-3-db --file ./init.sql

 ⛅️ wrangler 3.60.2
-------------------

🌀 Executing on local database project-3-db (DB) from .wrangler/state/v3/d1:
🌀 To execute on your remote database, add a --remote flag to your wrangler command.

✘ [ERROR] near "created_at": syntax error at offset 103


If you think this is a bug then please create an issue at https://github.com/cloudflare/workers-sdk/issues/new/choose
✔ Would you like to report this error to Cloudflare? … no
🪵  Logs were written to "/home/suhrob/.config/.wrangler/logs/wrangler-2024-06-13_13-27-58_090.log"
suhrob@suhrob:~/Project-3$ npx wrangler d1 execute project-3-db --file ./init.sql

 ⛅️ wrangler 3.60.2
-------------------

🌀 Executing on local database project-3-db (DB) from .wrangler/state/v3/d1:
🌀 To execute on your remote database, add a --remote flag to your wrangler command.

✘ [ERROR] near "created_at": syntax error at offset 103


If you think this is a bug then please create an issue at https://github.com/cloudflare/workers-sdk/issues/new/choose
✖ Would you like to report this error to Cloudflare? … yes
🪵  Logs were written to "/home/suhrob/.config/.wrangler/logs/wrangler-2024-06-13_13-28-29_163.log"
suhrob@suhrob:~/Project-3$ npx wrangler d1 execute project-3-db --file ./init.sql

 ⛅️ wrangler 3.60.2
-------------------

🌀 Executing on local database project-3-db (DB) from .wrangler/state/v3/d1:
🌀 To execute on your remote database, add a --remote flag to your wrangler command.

suhrob@suhrob:~/Project-3$ npx wrangler d1 execute project-3-db --file ./init.sql

 ⛅️ wrangler 3.60.2
-------------------

🌀 Executing on local database project-3-db (DB) from .wrangler/state/v3/d1:
🌀 To execute on your remote database, add a --remote flag to your wrangler command.

suhrob@suhrob:~/Project-3$ npx wrangler d1 execute DB  --file ./init.sql

 ⛅️ wrangler 3.60.2
-------------------

🌀 Executing on local database DB (DB) from .wrangler/state/v3/d1:
🌀 To execute on your remote database, add a --remote flag to your wrangler command.

suhrob@suhrob:~/Project-3$ npx wrangler d1 execute DB  --file ./init.sql --remote

 ⛅️ wrangler 3.60.2
-------------------

✔ ⚠️ This process may take some time, during which your D1 database will be unavailable to serve queries.
  Ok to proceed? … yes
u🌀 Executing on preview database DB (1ca9b7ac-f088-4e7f-8868-1b61daa2f192):
🌀 To execute on your local development database, remove the --remote flag from your wrangler command.
Note: if the execution fails to complete, your DB will return to its original state and you can safely retry.
├ 🌀 Uploading 1ca9b7ac-f088-4e7f-8868-1b61daa2f192.cc213ff93ecf3b2d.sql 
│ 🌀 Uploading complete.
│ 
🌀 Starting import...
🌀 Processed 6 queries.
🚣 Executed 6 queries in 0.01 seconds (2 rows read, 46 rows written)
   Database is currently at bookmark 0000000a-00000000-00004daf-d5fc155b70874a24a1333992cd890dd9.
┌────────────────────────┬───────────┬──────────────┬───────────────────┐
│ Total queries executed │ Rows read │ Rows written │ Databas size (MB) │
├────────────────────────┼───────────┼──────────────┼───────────────────┤
│ 6                      │ 2         │ 46           │ 0.03              │
└────────────────────────┴───────────┴──────────────┴───────────────────┘

suhrob@suhrob:~/Project-3$ npx wrangler d1 execute DB --command "SELECT * FROM connections;"

 ⛅️ wrangler 3.60.2
-------------------

🌀 Executing on local database DB (DB) from .wrangler/state/v3/d1:
🌀 To execute on your remote database, add a --remote flag to your wrangler command.
┌────┬──────┬───────┬───────────────────┬──────────────────┬─────────┬──────────────────────────────────────────────────────────────────────────────────────────────────────────┬────────┬──────────────────────────┐
│ id │ mail │ title │ short_description │ long_description │ contact │ img_url                                                                                                  │ img_id │ created_at               │
├────┼──────┼───────┼───────────────────┼──────────────────┼─────────┼──────────────────────────────────────────────────────────────────────────────────────────────────────────┼────────┼──────────────────────────┤
│ 14 │ asdf │ asdf  │ asdf              │ asdf             │ asdf    │ http://res.cloudinary.com/dq5dvbrtp/image/upload/v1718122567/my_website_images/nmfppijzzpcb73fcuxou.jpg  │ 1      │ 2024-06-11T16:23:10.070Z │
├────┼──────┼───────┼───────────────────┼──────────────────┼─────────┼──────────────────────────────────────────────────────────────────────────────────────────────────────────┼────────┼──────────────────────────┤
│ 15 │ asdf │ asdf  │ asdf              │ asdf             │ asdf    │ http://res.cloudinary.com/dq5dvbrtp/image/upload/v1718122988/my_website_images/hlmliacvwol0t45jwcru.jpg  │ 2      │ 2024-06-11T16:31:56.772Z │
├────┼──────┼───────┼───────────────────┼──────────────────┼─────────┼──────────────────────────────────────────────────────────────────────────────────────────────────────────┼────────┼──────────────────────────┤
│ 16 │ asdf │ asdf  │ adsf              │ asdf             │ asdf    │ https://res.cloudinary.com/dq5dvbrtp/image/upload/v1718123773/my_website_images/n7845sndo9qtcgiuud8w.jpg │ 3      │ 2024-06-11T16:36:14.767Z │
├────┼──────┼───────┼───────────────────┼──────────────────┼─────────┼──────────────────────────────────────────────────────────────────────────────────────────────────────────┼────────┼──────────────────────────┤
│ 17 │ asdf │ asdf  │ adsf              │ asdf             │ asdf    │ https://res.cloudinary.com/dq5dvbrtp/image/upload/v1718123808/my_website_images/o7lmfdkyhrgxctznfxl7.jpg │ 4      │ 2024-06-11T16:36:49.945Z │
└────┴──────┴───────┴───────────────────┴──────────────────┴─────────┴──────────────────────────────────────────────────────────────────────────────────────────────────────────┴────────┴──────────────────────────┘

suhrob@suhrob:~/Project-3$ npx wrangler d1 execute DB --command "SELECT * FROM images;"

 ⛅️ wrangler 3.60.2
-------------------

🌀 Executing on local database DB (DB) from .wrangler/state/v3/d1:
🌀 To execute on your remote database, add a --remote flag to your wrangler command.
┌──────┬─────────────────────────────────────────────────────────────────────────────────────────────────────────┬───────┬─────────┬───────────┬───────┬────────┬────────┬───────────────────┬────────┬──────────────────────────┐
│ id   │ img_url                                                                                                 │ title │ context │ file_name │ width │ height │ format │ folder            │ bytes  │ created_at               │
├──────┼─────────────────────────────────────────────────────────────────────────────────────────────────────────┼───────┼─────────┼───────────┼───────┼────────┼────────┼───────────────────┼────────┼──────────────────────────┤
│ 48   │ http://res.cloudinary.com/dl8bppbqg/image/upload/v1718167314/my_website_images/axfsfvbuqbanysgpjrkl.jpg │ dfg   │ dfg     │ file      │ 1700  │ 2185   │ jpg    │ my_website_images │ 143403 │ 2024-06-12T04:41:55.116Z │
├──────┼─────────────────────────────────────────────────────────────────────────────────────────────────────────┼───────┼─────────┼───────────┼───────┼────────┼────────┼───────────────────┼────────┼──────────────────────────┤
│ 47   │ http://res.cloudinary.com/dl8bppbqg/image/upload/v1718167291/my_website_images/pvsrfwsp4si6bb3ozfvb.jpg │ qwe   │ qwe     │ file      │ 1948  │ 2505   │ jpg    │ my_website_images │ 165162 │ 2024-06-12T04:41:32.151Z │
├──────┼─────────────────────────────────────────────────────────────────────────────────────────────────────────┼───────┼─────────┼───────────┼───────┼────────┼────────┼───────────────────┼────────┼──────────────────────────┤
│ 46   │ http://res.cloudinary.com/dl8bppbqg/image/upload/v1718166647/my_website_images/dgpfv3tvp8emv1ysxv3o.png │ 32    │ 32      │ file      │ 32    │ 32     │ png    │ my_website_images │ 975    │ 2024-06-12T04:30:48.207Z │
├──────┼─────────────────────────────────────────────────────────────────────────────────────────────────────────┼───────┼─────────┼───────────┼───────┼────────┼────────┼───────────────────┼────────┼──────────────────────────┤
│ 45   │ http://res.cloudinary.com/dl8bppbqg/image/upload/v1718166647/my_website_images/kvc873pvavofgyobi7rt.png │ 32    │ 32      │ file      │ 32    │ 32     │ png    │ my_website_images │ 975    │ 2024-06-12T04:30:47.997Z │
├──────┼─────────────────────────────────────────────────────────────────────────────────────────────────────────┼───────┼─────────┼───────────┼───────┼────────┼────────┼───────────────────┼────────┼──────────────────────────┤
│ 44   │ http://res.cloudinary.com/dl8bppbqg/image/upload/v1718166647/my_website_images/v5mbcd8bqxjxvpbnek13.png │ 32    │ 32      │ file      │ 32    │ 32     │ png    │ my_website_images │ 975    │ 2024-06-12T04:30:47.916Z │
├──────┼─────────────────────────────────────────────────────────────────────────────────────────────────────────┼───────┼─────────┼───────────┼───────┼────────┼────────┼───────────────────┼────────┼──────────────────────────┤
│ 43   │ http://res.cloudinary.com/dl8bppbqg/image/upload/v1718166647/my_website_images/r20lubwwmxztevfjfwxj.png │ 32    │ 32      │ file      │ 32    │ 32     │ png    │ my_website_images │ 975    │ 2024-06-12T04:30:47.864Z │
├──────┼─────────────────────────────────────────────────────────────────────────────────────────────────────────┼───────┼─────────┼───────────┼───────┼────────┼────────┼───────────────────┼────────┼──────────────────────────┤
│ 42   │ http://res.cloudinary.com/dl8bppbqg/image/upload/v1718166647/my_website_images/swkckzof9kkflw8r2otg.png │ 32    │ 32      │ file      │ 32    │ 32     │ png    │ my_website_images │ 975    │ 2024-06-12T04:30:47.789Z │
├──────┼─────────────────────────────────────────────────────────────────────────────────────────────────────────┼───────┼─────────┼───────────┼───────┼────────┼────────┼───────────────────┼────────┼──────────────────────────┤
│ 41   │ http://res.cloudinary.com/dl8bppbqg/image/upload/v1718166647/my_website_images/lsqg1u6dxipgfnwaiekd.png │ 32    │ 32      │ file      │ 32    │ 32     │ png    │ my_website_images │ 975    │ 2024-06-12T04:30:47.747Z │
├──────┼─────────────────────────────────────────────────────────────────────────────────────────────────────────┼───────┼─────────┼───────────┼───────┼────────┼────────┼───────────────────┼────────┼──────────────────────────┤
│ 40   │ http://res.cloudinary.com/dl8bppbqg/image/upload/v1718166646/my_website_images/z4p9kojq7h34wbwco5mo.png │ 32    │ 32      │ file      │ 32    │ 32     │ png    │ my_website_images │ 975    │ 2024-06-12T04:30:47.156Z │
├──────┼─────────────────────────────────────────────────────────────────────────────────────────────────────────┼───────┼─────────┼───────────┼───────┼────────┼────────┼───────────────────┼────────┼──────────────────────────┤
│ 39   │ http://res.cloudinary.com/dl8bppbqg/image/upload/v1718166646/my_website_images/jyc3mhct9j5ddmcrbklf.png │ 32    │ 32      │ file      │ 32    │ 32     │ png    │ my_website_images │ 975    │ 2024-06-12T04:30:46.985Z │
├──────┼─────────────────────────────────────────────────────────────────────────────────────────────────────────┼───────┼─────────┼───────────┼───────┼────────┼────────┼───────────────────┼────────┼──────────────────────────┤
│ 38   │ http://res.cloudinary.com/dl8bppbqg/image/upload/v1718166646/my_website_images/zz0uu8priblpgejjmf2v.png │ 32    │ 32      │ file      │ 32    │ 32     │ png    │ my_website_images │ 975    │ 2024-06-12T04:30:46.941Z │
├──────┼─────────────────────────────────────────────────────────────────────────────────────────────────────────┼───────┼─────────┼───────────┼───────┼────────┼────────┼───────────────────┼────────┼──────────────────────────┤
│ 37   │ http://res.cloudinary.com/dl8bppbqg/image/upload/v1718166646/my_website_images/qfzuyybxb3aoz7dgne4s.png │ 32    │ 32      │ file      │ 32    │ 32     │ png    │ my_website_images │ 975    │ 2024-06-12T04:30:46.937Z │
├──────┼─────────────────────────────────────────────────────────────────────────────────────────────────────────┼───────┼─────────┼───────────┼───────┼────────┼────────┼───────────────────┼────────┼──────────────────────────┤
│ 36   │ http://res.cloudinary.com/dl8bppbqg/image/upload/v1718166646/my_website_images/ry4isijzo3r3x0s3ucf3.png │ 32    │ 32      │ file      │ 32    │ 32     │ png    │ my_website_images │ 975    │ 2024-06-12T04:30:46.922Z │
├──────┼─────────────────────────────────────────────────────────────────────────────────────────────────────────┼───────┼─────────┼───────────┼───────┼────────┼────────┼───────────────────┼────────┼──────────────────────────┤
│ 35   │ http://res.cloudinary.com/dl8bppbqg/image/upload/v1718166646/my_website_images/oypgzvzevmg4w0ifv06f.png │ 32    │ 32      │ file      │ 32    │ 32     │ png    │ my_website_images │ 975    │ 2024-06-12T04:30:46.897Z │
├──────┼─────────────────────────────────────────────────────────────────────────────────────────────────────────┼───────┼─────────┼───────────┼───────┼────────┼────────┼───────────────────┼────────┼──────────────────────────┤
│ 34   │ http://res.cloudinary.com/dl8bppbqg/image/upload/v1718166645/my_website_images/m8ox0ekg12l44v4e7ahc.png │ 32    │ 32      │ file      │ 32    │ 32     │ png    │ my_website_images │ 975    │ 2024-06-12T04:30:46.092Z │
├──────┼─────────────────────────────────────────────────────────────────────────────────────────────────────────┼───────┼─────────┼───────────┼───────┼────────┼────────┼───────────────────┼────────┼──────────────────────────┤
│ 32   │ http://res.cloudinary.com/dl8bppbqg/image/upload/v1718166645/my_website_images/bvswye39tgjipxh7vfpm.png │ 32    │ 32      │ file      │ 32    │ 32     │ png    │ my_website_images │ 975    │ 2024-06-12T04:30:46.022Z │
├──────┼─────────────────────────────────────────────────────────────────────────────────────────────────────────┼───────┼─────────┼───────────┼───────┼────────┼────────┼───────────────────┼────────┼──────────────────────────┤
│ null │ https://res.cloudinary.com/dl8bppbqg/image/upload/v1718307985/contact_images/flihleykp8uh6qtiykra.png   │       │         │ file      │ 1920  │ 1080   │ png    │ contact_images    │ 634802 │ 2024-06-13T19:46:26.306Z │
├──────┼─────────────────────────────────────────────────────────────────────────────────────────────────────────┼───────┼─────────┼───────────┼───────┼────────┼────────┼───────────────────┼────────┼──────────────────────────┤
│ null │ https://res.cloudinary.com/dl8bppbqg/image/upload/v1718308117/contact_images/rcccvqdwltfmvubgkw0v.png   │       │ asdfasd │ file      │ 1920  │ 1080   │ png    │ contact_images    │ 425989 │ 2024-06-13T19:48:38.141Z │
├──────┼─────────────────────────────────────────────────────────────────────────────────────────────────────────┼───────┼─────────┼───────────┼───────┼────────┼────────┼───────────────────┼────────┼──────────────────────────┤
│ null │ https://res.cloudinary.com/dl8bppbqg/image/upload/v1718309059/contact_images/tiotx7cbi6s0uiysspqg.png   │ asdas │         │ file      │ 1920  │ 1080   │ png    │ contact_images    │ 391247 │ 2024-06-13T20:04:20.705Z │
├──────┼─────────────────────────────────────────────────────────────────────────────────────────────────────────┼───────┼─────────┼───────────┼───────┼────────┼────────┼───────────────────┼────────┼──────────────────────────┤
│ null │ https://res.cloudinary.com/dl8bppbqg/image/upload/v1718309221/contact_images/dpai7uzj1nb9vdp5m7n0.png   │       │         │ file      │ 1920  │ 1080   │ png    │ contact_images    │ 391247 │ 2024-06-13T20:07:03.403Z │
├──────┼─────────────────────────────────────────────────────────────────────────────────────────────────────────┼───────┼─────────┼───────────┼───────┼────────┼────────┼───────────────────┼────────┼──────────────────────────┤
│ null │ https://res.cloudinary.com/dl8bppbqg/image/upload/v1718309571/contact_images/xkga111ntpfumvahm0sf.png   │       │         │ file      │ 1920  │ 1080   │ png    │ contact_images    │ 391247 │ 2024-06-13T20:12:51.936Z │
├──────┼─────────────────────────────────────────────────────────────────────────────────────────────────────────┼───────┼─────────┼───────────┼───────┼────────┼────────┼───────────────────┼────────┼──────────────────────────┤
│ null │ https://res.cloudinary.com/dl8bppbqg/image/upload/v1718309637/contact_images/no66obh8kpw8c91o50rr.png   │       │         │ file      │ 1920  │ 1080   │ png    │ contact_images    │ 371201 │ 2024-06-13T20:13:57.860Z │
├──────┼─────────────────────────────────────────────────────────────────────────────────────────────────────────┼───────┼─────────┼───────────┼───────┼────────┼────────┼───────────────────┼────────┼──────────────────────────┤
│ null │ https://res.cloudinary.com/dl8bppbqg/image/upload/v1718309980/contact_images/rzrcurcghevm6r3e77st.png   │       │         │ file      │ 1920  │ 1080   │ png    │ contact_images    │ 391247 │ 2024-06-13T20:19:42.268Z │
├──────┼─────────────────────────────────────────────────────────────────────────────────────────────────────────┼───────┼─────────┼───────────┼───────┼────────┼────────┼───────────────────┼────────┼──────────────────────────┤
│ null │ https://res.cloudinary.com/dl8bppbqg/image/upload/v1718310147/contact_images/uodsrtjwpt8kpny0zl9a.png   │       │         │ file      │ 1920  │ 1080   │ png    │ contact_images    │ 391247 │ 2024-06-13T20:22:28.447Z │
├──────┼─────────────────────────────────────────────────────────────────────────────────────────────────────────┼───────┼─────────┼───────────┼───────┼────────┼────────┼───────────────────┼────────┼──────────────────────────┤
│ null │ https://res.cloudinary.com/dl8bppbqg/image/upload/v1718310280/contact_images/gngdg6dhjbq2lala44kl.png   │       │         │ file      │ 1920  │ 1080   │ png    │ contact_images    │ 391247 │ 2024-06-13T20:24:41.221Z │
├──────┼─────────────────────────────────────────────────────────────────────────────────────────────────────────┼───────┼─────────┼───────────┼───────┼────────┼────────┼───────────────────┼────────┼──────────────────────────┤
│ null │ https://res.cloudinary.com/dl8bppbqg/image/upload/v1718312961/contact_images/eazqnlkvk7ytrvcnuvgg.png   │       │         │ file      │ 1920  │ 1080   │ png    │ contact_images    │ 371201 │ 2024-06-13T21:09:22.599Z │
├──────┼─────────────────────────────────────────────────────────────────────────────────────────────────────────┼───────┼─────────┼───────────┼───────┼────────┼────────┼───────────────────┼────────┼──────────────────────────┤
│ null │ https://res.cloudinary.com/dl8bppbqg/image/upload/v1718313629/contact_images/pjfihnocvi57akrnbepb.png   │ asdas │ asdsda  │ file      │ 1920  │ 1080   │ png    │ contact_images    │ 386327 │ 2024-06-13T21:20:30.882Z │
└──────┴─────────────────────────────────────────────────────────────────────────────────────────────────────────┴───────┴─────────┴───────────┴───────┴────────┴────────┴───────────────────┴────────┴──────────────────────────┘

suhrob@suhrob:~/Project-3$ npx wrangler d1 execute DB  --file ./init.sql --remote

 ⛅️ wrangler 3.60.2
-------------------

✔ ⚠️ This process may take some time, during which your D1 database will be unavailable to serve queries.
  Ok to proceed? … yes
🌀 Executing on preview database DB (1ca9b7ac-f088-4e7f-8868-1b61daa2f192):
🌀 To execute on your local development database, remove the --remote flag from your wrangler command.
Note: if the execution fails to complete, your DB will return to its original state and you can safely retry.
🌀 File already uploaded. Processing.
🌀 Starting import...
🌀 Processed 6 queries.
🚣 Executed 6 queries in 0.01 seconds (32 rows read, 50 rows written)
   Database is currently at bookmark 00000014-00000000-00004daf-330dcf6c1a0e2a980852e0c13a0d57fa.
┌────────────────────────┬───────────┬──────────────┬───────────────────┐
│ Total queries executed │ Rows read │ Rows written │ Databas size (MB) │
├────────────────────────┼───────────┼──────────────┼───────────────────┤
│ 6                      │ 32        │ 50           │ 0.03              │
└────────────────────────┴───────────┴──────────────┴───────────────────┘

suhrob@suhrob:~/Project-3$ npx wrangler d1 execute DB  --file ./init.sql

 ⛅️ wrangler 3.60.2
-------------------

🌀 Executing on local database DB (DB) from .wrangler/state/v3/d1:
🌀 To execute on your remote database, add a --remote flag to your wrangler command.

suhrob@suhrob:~/Project-3$ npx wrangler d1 execute DB --command "SELECT * FROM connections;"

 ⛅️ wrangler 3.60.2
-------------------

🌀 Executing on local database DB (DB) from .wrangler/state/v3/d1:
🌀 To execute on your remote database, add a --remote flag to your wrangler command.
┌────┬──────┬───────┬───────────────────┬──────────────────┬─────────┬──────────────────────────────────────────────────────────────────────────────────────────────────────────┬────────┬──────────────────────────┐
│ id │ mail │ title │ short_description │ long_description │ contact │ img_url                                                                                                  │ img_id │ created_at               │
├────┼──────┼───────┼───────────────────┼──────────────────┼─────────┼──────────────────────────────────────────────────────────────────────────────────────────────────────────┼────────┼──────────────────────────┤
│ 14 │ asdf │ asdf  │ asdf              │ asdf             │ asdf    │ http://res.cloudinary.com/dq5dvbrtp/image/upload/v1718122567/my_website_images/nmfppijzzpcb73fcuxou.jpg  │ 1      │ 2024-06-11T16:23:10.070Z │
├────┼──────┼───────┼───────────────────┼──────────────────┼─────────┼──────────────────────────────────────────────────────────────────────────────────────────────────────────┼────────┼──────────────────────────┤
│ 15 │ asdf │ asdf  │ asdf              │ asdf             │ asdf    │ http://res.cloudinary.com/dq5dvbrtp/image/upload/v1718122988/my_website_images/hlmliacvwol0t45jwcru.jpg  │ 2      │ 2024-06-11T16:31:56.772Z │
├────┼──────┼───────┼───────────────────┼──────────────────┼─────────┼──────────────────────────────────────────────────────────────────────────────────────────────────────────┼────────┼──────────────────────────┤
│ 16 │ asdf │ asdf  │ adsf              │ asdf             │ asdf    │ https://res.cloudinary.com/dq5dvbrtp/image/upload/v1718123773/my_website_images/n7845sndo9qtcgiuud8w.jpg │ 3      │ 2024-06-11T16:36:14.767Z │
├────┼──────┼───────┼───────────────────┼──────────────────┼─────────┼──────────────────────────────────────────────────────────────────────────────────────────────────────────┼────────┼──────────────────────────┤
│ 17 │ asdf │ asdf  │ adsf              │ asdf             │ asdf    │ https://res.cloudinary.com/dq5dvbrtp/image/upload/v1718123808/my_website_images/o7lmfdkyhrgxctznfxl7.jpg │ 4      │ 2024-06-11T16:36:49.945Z │
└────┴──────┴───────┴───────────────────┴──────────────────┴─────────┴──────────────────────────────────────────────────────────────────────────────────────────────────────────┴────────┴──────────────────────────┘

suhrob@suhrob:~/Project-3$ AAAAAAAAAAAAAAAAAAAA

